Component: ARM Compiler 6.14.1 Tool: armlink [5db06d00]

==============================================================================

Section Cross References

    startup_stm32f103xe.o(STACK) refers (Special) to heapauxi.o(.text) for __use_two_region_memory
    startup_stm32f103xe.o(HEAP) refers (Special) to heapauxi.o(.text) for __use_two_region_memory
    startup_stm32f103xe.o(RESET) refers (Special) to heapauxi.o(.text) for __use_two_region_memory
    startup_stm32f103xe.o(RESET) refers to startup_stm32f103xe.o(STACK) for __initial_sp
    startup_stm32f103xe.o(RESET) refers to startup_stm32f103xe.o(.text) for Reset_Handler
    startup_stm32f103xe.o(RESET) refers to stm32f1xx_it.o(.text.NMI_Handler) for NMI_Handler
    startup_stm32f103xe.o(RESET) refers to stm32f1xx_it.o(.text.HardFault_Handler) for HardFault_Handler
    startup_stm32f103xe.o(RESET) refers to stm32f1xx_it.o(.text.MemManage_Handler) for MemManage_Handler
    startup_stm32f103xe.o(RESET) refers to stm32f1xx_it.o(.text.BusFault_Handler) for BusFault_Handler
    startup_stm32f103xe.o(RESET) refers to stm32f1xx_it.o(.text.UsageFault_Handler) for UsageFault_Handler
    startup_stm32f103xe.o(RESET) refers to stm32f1xx_it.o(.text.SVC_Handler) for SVC_Handler
    startup_stm32f103xe.o(RESET) refers to stm32f1xx_it.o(.text.DebugMon_Handler) for DebugMon_Handler
    startup_stm32f103xe.o(RESET) refers to stm32f1xx_it.o(.text.PendSV_Handler) for PendSV_Handler
    startup_stm32f103xe.o(RESET) refers to stm32f1xx_it.o(.text.SysTick_Handler) for SysTick_Handler
    startup_stm32f103xe.o(RESET) refers to stm32f1xx_it.o(.text.EXTI15_10_IRQHandler) for EXTI15_10_IRQHandler
    startup_stm32f103xe.o(.text) refers (Special) to heapauxi.o(.text) for __use_two_region_memory
    startup_stm32f103xe.o(.text) refers to system_stm32f1xx.o(.text.SystemInit) for SystemInit
    startup_stm32f103xe.o(.text) refers to __main.o(!!!main) for __main
    startup_stm32f103xe.o(.text) refers to startup_stm32f103xe.o(HEAP) for Heap_Mem
    startup_stm32f103xe.o(.text) refers to startup_stm32f103xe.o(STACK) for Stack_Mem
    ch438uart0.o(.text.InitCH438UART0) refers to ch438uart0.o(.text.UART0_Reset) for UART0_Reset
    ch438uart0.o(.text.InitCH438UART0) refers to directaddr.o(.text.uDelay) for uDelay
    ch438uart0.o(.text.InitCH438UART0) refers to directaddr.o(.text.WriteCH438Data) for WriteCH438Data
    ch438uart0.o(.text.InitCH438UART0) refers to directaddr.o(.text.ReadCH438Data) for ReadCH438Data
    ch438uart0.o(.ARM.exidx.text.InitCH438UART0) refers to ch438uart0.o(.text.InitCH438UART0) for [Anonymous Symbol]
    ch438uart0.o(.text.UART0_Reset) refers to directaddr.o(.text.WriteCH438Data) for WriteCH438Data
    ch438uart0.o(.ARM.exidx.text.UART0_Reset) refers to ch438uart0.o(.text.UART0_Reset) for [Anonymous Symbol]
    ch438uart0.o(.text.UART0_LowPower) refers to directaddr.o(.text.WriteCH438Data) for WriteCH438Data
    ch438uart0.o(.ARM.exidx.text.UART0_LowPower) refers to ch438uart0.o(.text.UART0_LowPower) for [Anonymous Symbol]
    ch438uart0.o(.text.UART0_UpdateDTR) refers to ch438uart0.o(.bss.flg) for flg
    ch438uart0.o(.text.UART0_UpdateDTR) refers to directaddr.o(.text.WriteCH438Data) for WriteCH438Data
    ch438uart0.o(.text.UART0_UpdateDTR) refers to directaddr.o(.text.ReadCH438Data) for ReadCH438Data
    ch438uart0.o(.ARM.exidx.text.UART0_UpdateDTR) refers to ch438uart0.o(.text.UART0_UpdateDTR) for [Anonymous Symbol]
    ch438uart0.o(.text.CH438_LowPower) refers to directaddr.o(.text.WriteCH438Data) for WriteCH438Data
    ch438uart0.o(.ARM.exidx.text.CH438_LowPower) refers to ch438uart0.o(.text.CH438_LowPower) for [Anonymous Symbol]
    ch438uart0.o(.text.UART0_SendByte) refers to directaddr.o(.text.ReadCH438Data) for ReadCH438Data
    ch438uart0.o(.text.UART0_SendByte) refers to directaddr.o(.text.WriteCH438Data) for WriteCH438Data
    ch438uart0.o(.ARM.exidx.text.UART0_SendByte) refers to ch438uart0.o(.text.UART0_SendByte) for [Anonymous Symbol]
    ch438uart0.o(.text.UART0_RcvByte) refers to directaddr.o(.text.ReadCH438Data) for ReadCH438Data
    ch438uart0.o(.ARM.exidx.text.UART0_RcvByte) refers to ch438uart0.o(.text.UART0_RcvByte) for [Anonymous Symbol]
    ch438uart0.o(.text.UART0_SendStr) refers to ch438uart0.o(.text.UART0_SendByte) for UART0_SendByte
    ch438uart0.o(.ARM.exidx.text.UART0_SendStr) refers to ch438uart0.o(.text.UART0_SendStr) for [Anonymous Symbol]
    ch438uart0.o(.text.CH438Seril0Send) refers to directaddr.o(.text.ReadCH438Data) for ReadCH438Data
    ch438uart0.o(.text.CH438Seril0Send) refers to directaddr.o(.text.WriteCH438Data) for WriteCH438Data
    ch438uart0.o(.ARM.exidx.text.CH438Seril0Send) refers to ch438uart0.o(.text.CH438Seril0Send) for [Anonymous Symbol]
    ch438uart0.o(.text.CH438Seril0Rcv) refers to directaddr.o(.text.ReadCH438Data) for ReadCH438Data
    ch438uart0.o(.ARM.exidx.text.CH438Seril0Rcv) refers to ch438uart0.o(.text.CH438Seril0Rcv) for [Anonymous Symbol]
[...]
    ../clib/stdio.c                          0x00000000   Number         0  ferror_locked.o ABSOLUTE
    ../clib/stdio.c                          0x00000000   Number         0  initio_locked.o ABSOLUTE
    ../clib/stdio.c                          0x00000000   Number         0  setvbuf.o ABSOLUTE
    ../clib/stdio.c                          0x00000000   Number         0  streamlock.o ABSOLUTE
    ../clib/stdio.c                          0x00000000   Number         0  fopen.o ABSOLUTE
    ../clib/stdio.c                          0x00000000   Number         0  fclose.o ABSOLUTE
    ../clib/stdio.c                          0x00000000   Number         0  setvbuf_locked.o ABSOLUTE
    ../clib/stdio.c                          0x00000000   Number         0  fopen_locked.o ABSOLUTE
    ../clib/stdio.c                          0x00000000   Number         0  fseek.o ABSOLUTE
    ../clib/stdio.c                          0x00000000   Number         0  stdio.o ABSOLUTE
    ../clib/stdio.c                          0x00000000   Number         0  ftell.o ABSOLUTE
    ../clib/stdlib.c                         0x00000000   Number         0  exit.o ABSOLUTE
    ../clib/string.c                         0x00000000   Number         0  strlen.o ABSOLUTE
    ../fplib/fpinit.s                        0x00000000   Number         0  fpinit.o ABSOLUTE
    ../fplib/fpinit_empty.s                  0x00000000   Number         0  fpinit_empty.o ABSOLUTE
    CH438UART0.C                             0x00000000   Number         0  ch438uart0.o ABSOLUTE
    CH438UART1.C                             0x00000000   Number         0  ch438uart1.o ABSOLUTE
    CH438UART2.C                             0x00000000   Number         0  ch438uart2.o ABSOLUTE
    CH438UART3.C                             0x00000000   Number         0  ch438uart3.o ABSOLUTE
    CH438UART4.C                             0x00000000   Number         0  ch438uart4.o ABSOLUTE
    CH438UART5.C                             0x00000000   Number         0  ch438uart5.o ABSOLUTE
    CH438UART6.C                             0x00000000   Number         0  ch438uart6.o ABSOLUTE
    CH438UART7.C                             0x00000000   Number         0  ch438uart7.o ABSOLUTE
    DirectAddr.c                             0x00000000   Number         0  directaddr.o ABSOLUTE
    HAL_CH438UART.c                          0x00000000   Number         0  hal_ch438uart.o ABSOLUTE
    dc.s                                     0x00000000   Number         0  dc.o ABSOLUTE
    gpio.c                                   0x00000000   Number         0  gpio.o ABSOLUTE
    main.c                                   0x00000000   Number         0  main.o ABSOLUTE
    startup_stm32f103xe.s                    0x00000000   Number         0  startup_stm32f103xe.o ABSOLUTE
    stm32f1xx_hal.c                          0x00000000   Number         0  stm32f1xx_hal.o ABSOLUTE
    stm32f1xx_hal_cortex.c                   0x00000000   Number         0  stm32f1xx_hal_cortex.o ABSOLUTE
    stm32f1xx_hal_dma.c                      0x00000000   Number         0  stm32f1xx_hal_dma.o ABSOLUTE
    stm32f1xx_hal_exti.c                     0x00000000   Number         0  stm32f1xx_hal_exti.o ABSOLUTE
    stm32f1xx_hal_flash.c                    0x00000000   Number         0  stm32f1xx_hal_flash.o ABSOLUTE
    stm32f1xx_hal_flash_ex.c                 0x00000000   Number         0  stm32f1xx_hal_flash_ex.o ABSOLUTE
    stm32f1xx_hal_gpio.c                     0x00000000   Number         0  stm32f1xx_hal_gpio.o ABSOLUTE
    stm32f1xx_hal_gpio_ex.c                  0x00000000   Number         0  stm32f1xx_hal_gpio_ex.o ABSOLUTE
    stm32f1xx_hal_msp.c                      0x00000000   Number         0  stm32f1xx_hal_msp.o ABSOLUTE
    stm32f1xx_hal_pwr.c                      0x00000000   Number         0  stm32f1xx_hal_pwr.o ABSOLUTE
    stm32f1xx_hal_rcc.c                      0x00000000   Number         0  stm32f1xx_hal_rcc.o ABSOLUTE
    stm32f1xx_hal_rcc_ex.c                   0x00000000   Number         0  stm32f1xx_hal_rcc_ex.o ABSOLUTE
    stm32f1xx_hal_tim.c                      0x00000000   Number         0  stm32f1xx_hal_tim.o ABSOLUTE
    stm32f1xx_hal_tim_ex.c                   0x00000000   Number         0  stm32f1xx_hal_tim_ex.o ABSOLUTE
    stm32f1xx_hal_uart.c                     0x00000000   Number         0  stm32f1xx_hal_uart.o ABSOLUTE
    stm32f1xx_it.c                           0x00000000   Number         0  stm32f1xx_it.o ABSOLUTE
    system_stm32f1xx.c                       0x00000000   Number         0  system_stm32f1xx.o ABSOLUTE
    usart.c                                  0x00000000   Number         0  usart.o ABSOLUTE
    RESET                                    0x08000000   Section      304  startup_stm32f103xe.o(RESET)
    !!!main                                  0x08000130   Section        8  __main.o(!!!main)
    !!!scatter                               0x08000138   Section       52  __scatter.o(!!!scatter)
    !!handler_copy                           0x0800016c   Section       26  __scatter_copy.o(!!handler_copy)
    !!handler_zi                             0x08000188   Section       28  __scatter_zi.o(!!handler_zi)
    .ARM.Collect$$_printf_percent$$00000000  0x080001a4   Section        0  _printf_percent.o(.ARM.Collect$$_printf_percent$$00000000)
    .ARM.Collect$$_printf_percent$$00000009  0x080001a4   Section        6  _printf_d.o(.ARM.Collect$$_printf_percent$$00000009)
    .ARM.Collect$$_printf_percent$$0000000C  0x080001aa   Section        6  _printf_x.o(.ARM.Collect$$_printf_percent$$0000000C)
    .ARM.Collect$$_printf_percent$$00000017  0x080001b0   Section        4  _printf_percent_end.o(.ARM.Collect$$_printf_percent$$00000017)
    .ARM.Collect$$libinit$$00000000          0x080001b4   Section        2  libinit.o(.ARM.Collect$$libinit$$00000000)
    .ARM.Collect$$libinit$$00000002          0x080001b6   Section        0  libinit2.o(.ARM.Collect$$libinit$$00000002)
    .ARM.Collect$$libinit$$00000004          0x080001b6   Section        0  libinit2.o(.ARM.Collect$$libinit$$00000004)
    .ARM.Collect$$libinit$$00000005          0x080001b6   Section        8  libinit2.o(.ARM.Collect$$libinit$$00000005)
    .ARM.Collect$$libinit$$0000000A          0x080001be   Section        0  libinit2.o(.ARM.Collect$$libinit$$0000000A)
    .ARM.Collect$$libinit$$0000000C          0x080001be   Section        0  libinit2.o(.ARM.Collect$$libinit$$0000000C)
    .ARM.Collect$$libinit$$0000000E          0x080001be   Section        0  libinit2.o(.ARM.Collect$$libinit$$0000000E)
    .ARM.Collect$$libinit$$00000011          0x080001be   Section        0  libinit2.o(.ARM.Collect$$libinit$$00000011)
    .ARM.Collect$$libinit$$00000013          0x080001be   Section        0  libinit2.o(.ARM.Collect$$libinit$$00000013)
    .ARM.Collect$$libinit$$00000015          0x080001be   Section        0  libinit2.o(.ARM.Collect$$libinit$$00000015)
    .ARM.Collect$$libinit$$00000017          0x080001be   Section        0  libinit2.o(.ARM.Collect$$libinit$$00000017)
    .ARM.Collect$$libinit$$00000019          0x080001be   Section        0  libinit2.o(.ARM.Collect$$libinit$$00000019)
    .ARM.Collect$$libinit$$0000001B          0x080001be   Section        0  libinit2.o(.ARM.Collect$$libinit$$0000001B)
    .ARM.Collect$$libinit$$0000001D          0x080001be   Section        0  libinit2.o(.ARM.Collect$$libinit$$0000001D)
    .ARM.Collect$$libinit$$0000001F          0x080001be   Section        0  libinit2.o(.ARM.Collect$$libinit$$0000001F)
    .ARM.Collect$$libinit$$00000021          0x080001be   Section        0  libinit2.o(.ARM.Collect$$libinit$$00000021)
    .ARM.Collect$$libinit$$00000023          0x080001be   Section        0  libinit2.o(.ARM.Collect$$libinit$$00000023)
    .ARM.Collect$$libinit$$00000024          0x080001be   Section        4  libinit2.o(.ARM.Collect$$libinit$$00000024)
    .ARM.Collect$$libinit$$00000025          0x080001c2   Section        0  libinit2.o(.ARM.Collect$$libinit$$00000025)
    .ARM.Collect$$libinit$$0000002C          0x080001c2   Section        0  libinit2.o(.ARM.Collect$$libinit$$0000002C)
    .ARM.Collect$$libinit$$0000002E          0x080001c2   Section        0  libinit2.o(.ARM.Collect$$libinit$$0000002E)
    .ARM.Collect$$libinit$$00000030          0x080001c2   Section        0  libinit2.o(.ARM.Collect$$libinit$$00000030)
    .ARM.Collect$$libinit$$00000032          0x080001c2   Section        0  libinit2.o(.ARM.Collect$$libinit$$00000032)
    .ARM.Collect$$libinit$$00000033          0x080001c2   Section        2  libinit2.o(.ARM.Collect$$libinit$$00000033)
    .ARM.Collect$$libshutdown$$00000000      0x080001c4   Section        2  libshutdown.o(.ARM.Collect$$libshutdown$$00000000)
    .ARM.Collect$$libshutdown$$00000002      0x080001c6   Section        0  libshutdown2.o(.ARM.Collect$$libshutdown$$00000002)
    .ARM.Collect$$libshutdown$$00000003      0x080001c6   Section        4  libshutdown2.o(.ARM.Collect$$libshutdown$$00000003)
    .ARM.Collect$$libshutdown$$00000004      0x080001ca   Section        0  libshutdown2.o(.ARM.Collect$$libshutdown$$00000004)
    .ARM.Collect$$libshutdown$$00000007      0x080001ca   Section        0  libshutdown2.o(.ARM.Collect$$libshutdown$$00000007)
    .ARM.Collect$$libshutdown$$0000000A      0x080001ca   Section        0  libshutdown2.o(.ARM.Collect$$libshutdown$$0000000A)
    .ARM.Collect$$libshutdown$$0000000C      0x080001ca   Section        0  libshutdown2.o(.ARM.Collect$$libshutdown$$0000000C)
    .ARM.Collect$$libshutdown$$0000000F      0x080001ca   Section        0  libshutdown2.o(.ARM.Collect$$libshutdown$$0000000F)
    .ARM.Collect$$libshutdown$$00000010      0x080001ca   Section        2  libshutdown2.o(.ARM.Collect$$libshutdown$$00000010)
    .ARM.Collect$$rtentry$$00000000          0x080001cc   Section        0  __rtentry.o(.ARM.Collect$$rtentry$$00000000)
    .ARM.Collect$$rtentry$$00000002          0x080001cc   Section        0  __rtentry2.o(.ARM.Collect$$rtentry$$00000002)
    .ARM.Collect$$rtentry$$00000004          0x080001cc   Section        6  __rtentry4.o(.ARM.Collect$$rtentry$$00000004)
    .ARM.Collect$$rtentry$$00000009          0x080001d2   Section        0  __rtentry2.o(.ARM.Collect$$rtentry$$00000009)
    .ARM.Collect$$rtentry$$0000000A          0x080001d2   Section        4  __rtentry2.o(.ARM.Collect$$rtentry$$0000000A)
    .ARM.Collect$$rtentry$$0000000C          0x080001d6   Section        0  __rtentry2.o(.ARM.Collect$$rtentry$$0000000C)
    .ARM.Collect$$rtentry$$0000000D          0x080001d6   Section        8  __rtentry2.o(.ARM.Collect$$rtentry$$0000000D)
    .ARM.Collect$$rtexit$$00000000           0x080001de   Section        2  rtexit.o(.ARM.Collect$$rtexit$$00000000)
    .ARM.Collect$$rtexit$$00000002           0x080001e0   Section        0  rtexit2.o(.ARM.Collect$$rtexit$$00000002)
    .ARM.Collect$$rtexit$$00000003           0x080001e0   Section        4  rtexit2.o(.ARM.Collect$$rtexit$$00000003)
    .ARM.Collect$$rtexit$$00000004           0x080001e4   Section        6  rtexit2.o(.ARM.Collect$$rtexit$$00000004)
    .text                                    0x080001ec   Section       64  startup_stm32f103xe.o(.text)
    .text                                    0x0800022c   Section        0  noretval__2printf.o(.text)
    .text                                    0x08000244   Section        0  __printf.o(.text)
    .text                                    0x080002ac   Section        0  _printf_dec.o(.text)
    .text                                    0x08000324   Section        0  _printf_hex_int.o(.text)
    .text                                    0x0800037c   Section       78  rt_memclr_w.o(.text)
    .text                                    0x080003ca   Section        0  heapauxi.o(.text)
    .text                                    0x080003d0   Section        0  _printf_intcommon.o(.text)
    .text                                    0x08000484   Section        0  _printf_char_file.o(.text)
    _printf_input_char                       0x080004a9   Thumb Code    10  _printf_char_common.o(.text)
    .text                                    0x080004a8   Section        0  _printf_char_common.o(.text)
    .text                                    0x080004d8   Section        0  ferror.o(.text)
    .text                                    0x080004e0   Section        0  initio.o(.text)
    .text                                    0x08000618   Section       74  sys_stackheap_outer.o(.text)
    .text                                    0x08000662   Section        0  h1_free.o(.text)
    .text                                    0x080006b0   Section        0  setvbuf.o(.text)
    _freopen_locked                          0x080006f9   Thumb Code     0  fopen.o(.text)
    .text                                    0x080006f8   Section        0  fopen.o(.text)
    .text                                    0x080007e8   Section        0  fclose.o(.text)
    .text                                    0x08000834   Section        0  exit.o(.text)
    .text                                    0x08000846   Section        0  defsig_rtred_outer.o(.text)
    .text                                    0x08000854   Section        0  sys_io.o(.text)
    .text                                    0x080008bc   Section        8  libspace.o(.text)
    .text                                    0x080008c4   Section        8  rt_heap_descriptor_intlibspace.o(.text)
    .text                                    0x080008cc   Section        0  hguard.o(.text)
    .text                                    0x080008d0   Section        0  init_alloc.o(.text)
    .text                                    0x0800095a   Section        0  h1_alloc.o(.text)
    .text                                    0x080009b8   Section        0  fseek.o(.text)
    .text                                    0x08000ab0   Section        0  stdio.o(.text)
    .text                                    0x08000ba0   Section        0  defsig_exit.o(.text)
    .text                                    0x08000bac   Section        0  defsig_rtred_inner.o(.text)
    .text                                    0x08000be0   Section        0  sys_exit.o(.text)
    .text                                    0x08000bec   Section        2  use_no_semi.o(.text)
    .text                                    0x08000bee   Section        0  indicate_semi.o(.text)
    .text                                    0x08000bee   Section        0  maybetermalloc1.o(.text)
    .text                                    0x08000bee   Section        0  h1_init.o(.text)
    .text                                    0x08000bfc   Section        0  h1_extend.o(.text)
    .text                                    0x08000c30   Section        0  ftell.o(.text)
    .text                                    0x08000c72   Section        0  defsig_general.o(.text)
    .text                                    0x08000ca4   Section        0  defsig_rtmem_outer.o(.text)
    .text                                    0x08000cb2   Section        0  strlen.o(.text)
    .text                                    0x08000cf0   Section        0  sys_wrch.o(.text)
    .text                                    0x08000d00   Section        8  rt_errno_addr_intlibspace.o(.text)
    .text                                    0x08000d08   Section        0  defsig_rtmem_inner.o(.text)
    [Anonymous Symbol]                       0x08000d58   Section        0  stm32f1xx_it.o(.text.BusFault_Handler)
    [Anonymous Symbol]                       0x08000d5c   Section        0  ch438uart0.o(.text.CH438Seril0Rcv)
    [Anonymous Symbol]                       0x08000da4   Section        0  ch438uart0.o(.text.CH438Seril0Send)
    [Anonymous Symbol]                       0x08000dcc   Section        0  ch438uart1.o(.text.CH438Seril1Rcv)
    [Anonymous Symbol]                       0x08000e14   Section        0  ch438uart1.o(.text.CH438Seril1Send)
    [Anonymous Symbol]                       0x08000e3c   Section        0  ch438uart2.o(.text.CH438Seril2Rcv)
    [Anonymous Symbol]                       0x08000e84   Section        0  ch438uart2.o(.text.CH438Seril2Send)
    [Anonymous Symbol]                       0x08000eac   Section        0  ch438uart3.o(.text.CH438Seril3Rcv)
    [Anonymous Symbol]                       0x08000ef4   Section        0  ch438uart3.o(.text.CH438Seril3Send)
    [Anonymous Symbol]                       0x08000f1c   Section        0  ch438uart4.o(.text.CH438Seril4Rcv)
    [Anonymous Symbol]                       0x08000f64   Section        0  ch438uart4.o(.text.CH438Seril4Send)
    [Anonymous Symbol]                       0x08000f8c   Section        0  ch438uart5.o(.text.CH438Seril5Rcv)
    [Anonymous Symbol]                       0x08000fd4   Section        0  ch438uart5.o(.text.CH438Seril5Send)
    [Anonymous Symbol]                       0x08000ffc   Section        0  ch438uart6.o(.text.CH438Seril6Rcv)
    [Anonymous Symbol]                       0x08001044   Section        0  ch438uart6.o(.text.CH438Seril6Send)
    [Anonymous Symbol]                       0x0800106c   Section        0  ch438uart7.o(.text.CH438Seril7Rcv)
    [Anonymous Symbol]                       0x080010b4   Section        0  ch438uart7.o(.text.CH438Seril7Send)
    [Anonymous Symbol]                       0x080010dc   Section        0  hal_ch438uart.o(.text.CH438_InitAll)
    [Anonymous Symbol]                       0x080012c0   Section        0  directaddr.o(.text.CH438_PORT_INIT)
    [Anonymous Symbol]                       0x080012f0   Section        0  stm32f1xx_it.o(.text.DebugMon_Handler)
    [Anonymous Symbol]                       0x080012f4   Section        0  stm32f1xx_it.o(.text.EXTI15_10_IRQHandler)
    [Anonymous Symbol]                       0x08001300   Section        0  main.o(.text.Error_Handler)
    [Anonymous Symbol]                       0x0800130c   Section        0  stm32f1xx_hal.o(.text.HAL_Delay)
    [Anonymous Symbol]                       0x08001334   Section        0  stm32f1xx_it.o(.text.HAL_GPIO_EXTI_Callback)
    [Anonymous Symbol]                       0x08001408   Section        0  stm32f1xx_hal_gpio.o(.text.HAL_GPIO_EXTI_IRQHandler)
    [Anonymous Symbol]                       0x08001424   Section        0  stm32f1xx_hal_gpio.o(.text.HAL_GPIO_Init)
    [Anonymous Symbol]                       0x0800160c   Section        0  stm32f1xx_hal_gpio.o(.text.HAL_GPIO_WritePin)
    [Anonymous Symbol]                       0x08001618   Section        0  stm32f1xx_hal.o(.text.HAL_GetTick)
    [Anonymous Symbol]                       0x08001624   Section        0  stm32f1xx_hal.o(.text.HAL_IncTick)
    [Anonymous Symbol]                       0x08001640   Section        0  stm32f1xx_hal.o(.text.HAL_Init)
    [Anonymous Symbol]                       0x08001668   Section        0  stm32f1xx_hal.o(.text.HAL_InitTick)
    [Anonymous Symbol]                       0x080016b8   Section        0  stm32f1xx_hal_msp.o(.text.HAL_MspInit)
    [Anonymous Symbol]                       0x080016fc   Section        0  stm32f1xx_hal_cortex.o(.text.HAL_NVIC_EnableIRQ)
    [Anonymous Symbol]                       0x08001704   Section        0  stm32f1xx_hal_cortex.o(.text.HAL_NVIC_SetPriority)
    [Anonymous Symbol]                       0x08001724   Section        0  stm32f1xx_hal_cortex.o(.text.HAL_NVIC_SetPriorityGrouping)
    [Anonymous Symbol]                       0x0800172c   Section        0  stm32f1xx_hal_rcc.o(.text.HAL_RCC_ClockConfig)
    [Anonymous Symbol]                       0x0800189c   Section        0  stm32f1xx_hal_rcc.o(.text.HAL_RCC_GetHCLKFreq)
    [Anonymous Symbol]                       0x080018a8   Section        0  stm32f1xx_hal_rcc.o(.text.HAL_RCC_GetPCLK1Freq)
    [Anonymous Symbol]                       0x080018cc   Section        0  stm32f1xx_hal_rcc.o(.text.HAL_RCC_GetPCLK2Freq)
    [Anonymous Symbol]                       0x080018f0   Section        0  stm32f1xx_hal_rcc.o(.text.HAL_RCC_GetSysClockFreq)
    [Anonymous Symbol]                       0x08001950   Section        0  stm32f1xx_hal_rcc.o(.text.HAL_RCC_OscConfig)
    [Anonymous Symbol]                       0x08001c64   Section        0  stm32f1xx_hal_cortex.o(.text.HAL_SYSTICK_Config)
    [Anonymous Symbol]                       0x08001c6c   Section        0  stm32f1xx_hal_uart.o(.text.HAL_UART_Init)
    [Anonymous Symbol]                       0x08001ccc   Section        0  usart.o(.text.HAL_UART_MspInit)
    [Anonymous Symbol]                       0x08001d4c   Section        0  stm32f1xx_hal_uart.o(.text.HAL_UART_Transmit)
    [Anonymous Symbol]                       0x08001e18   Section        0  stm32f1xx_it.o(.text.HardFault_Handler)
    [Anonymous Symbol]                       0x08001e1c   Section        0  gpio.o(.text.MX_GPIO_Init)
    [Anonymous Symbol]                       0x08001f24   Section        0  usart.o(.text.MX_USART1_UART_Init)
    [Anonymous Symbol]                       0x08001f5c   Section        0  stm32f1xx_it.o(.text.MemManage_Handler)
    [Anonymous Symbol]                       0x08001f60   Section        0  stm32f1xx_it.o(.text.NMI_Handler)
    NVIC_EncodePriority                      0x08001f65   Thumb Code    44  stm32f1xx_hal_cortex.o(.text.NVIC_EncodePriority)
    [Anonymous Symbol]                       0x08001f64   Section        0  stm32f1xx_hal_cortex.o(.text.NVIC_EncodePriority)
    [Anonymous Symbol]                       0x08001f90   Section        0  stm32f1xx_it.o(.text.PendSV_Handler)
    RCC_Delay                                0x08001f95   Thumb Code    44  stm32f1xx_hal_rcc.o(.text.RCC_Delay)
    [Anonymous Symbol]                       0x08001f94   Section        0  stm32f1xx_hal_rcc.o(.text.RCC_Delay)
    [Anonymous Symbol]                       0x08001fc0   Section        0  directaddr.o(.text.ReadCH438Data)
    [Anonymous Symbol]                       0x08002034   Section        0  stm32f1xx_it.o(.text.SVC_Handler)
    SysTick_Config                           0x08002039   Thumb Code    46  stm32f1xx_hal_cortex.o(.text.SysTick_Config)
    [Anonymous Symbol]                       0x08002038   Section        0  stm32f1xx_hal_cortex.o(.text.SysTick_Config)
    [Anonymous Symbol]                       0x08002068   Section        0  stm32f1xx_it.o(.text.SysTick_Handler)
    [Anonymous Symbol]                       0x08002070   Section        0  main.o(.text.SystemClock_Config)
    [Anonymous Symbol]                       0x080020cc   Section        0  system_stm32f1xx.o(.text.SystemInit)
    UART_SetConfig                           0x080020d1   Thumb Code   142  stm32f1xx_hal_uart.o(.text.UART_SetConfig)
    [Anonymous Symbol]                       0x080020d0   Section        0  stm32f1xx_hal_uart.o(.text.UART_SetConfig)
    UART_WaitOnFlagUntilTimeout              0x08002161   Thumb Code   100  stm32f1xx_hal_uart.o(.text.UART_WaitOnFlagUntilTimeout)
    [Anonymous Symbol]                       0x08002160   Section        0  stm32f1xx_hal_uart.o(.text.UART_WaitOnFlagUntilTimeout)
    [Anonymous Symbol]                       0x080021c4   Section        0  stm32f1xx_it.o(.text.UsageFault_Handler)
    [Anonymous Symbol]                       0x080021c8   Section        0  directaddr.o(.text.WriteCH438Data)
    __NVIC_EnableIRQ                         0x0800225d   Thumb Code    32  stm32f1xx_hal_cortex.o(.text.__NVIC_EnableIRQ)
    [Anonymous Symbol]                       0x0800225c   Section        0  stm32f1xx_hal_cortex.o(.text.__NVIC_EnableIRQ)
    __NVIC_GetPriorityGrouping               0x0800227d   Thumb Code    16  stm32f1xx_hal_cortex.o(.text.__NVIC_GetPriorityGrouping)
    [Anonymous Symbol]                       0x0800227c   Section        0  stm32f1xx_hal_cortex.o(.text.__NVIC_GetPriorityGrouping)
    __NVIC_SetPriority                       0x0800228d   Thumb Code    34  stm32f1xx_hal_cortex.o(.text.__NVIC_SetPriority)
    [Anonymous Symbol]                       0x0800228c   Section        0  stm32f1xx_hal_cortex.o(.text.__NVIC_SetPriority)
    __NVIC_SetPriorityGrouping               0x080022b1   Thumb Code    32  stm32f1xx_hal_cortex.o(.text.__NVIC_SetPriorityGrouping)
    [Anonymous Symbol]                       0x080022b0   Section        0  stm32f1xx_hal_cortex.o(.text.__NVIC_SetPriorityGrouping)
    [Anonymous Symbol]                       0x080022d0   Section        0  usart.o(.text.fputc)
    [Anonymous Symbol]                       0x08002308   Section        0  main.o(.text.ledBlink)
    [Anonymous Symbol]                       0x08002358   Section        0  main.o(.text.main)
    [Anonymous Symbol]                       0x0800239c   Section        0  directaddr.o(.text.uDelay)
    uc_hextab                                0x080023b6   Data          20  _printf_hex_int.o(.constdata)
    .constdata                               0x080023b6   Section       40  _printf_hex_int.o(.constdata)
    lc_hextab                                0x080023ca   Data          20  _printf_hex_int.o(.constdata)
    .constdata                               0x080023de   Section        4  sys_io_names.o(.constdata)
    .constdata                               0x080023e2   Section        4  sys_io_names.o(.constdata)
    .constdata                               0x080023e6   Section        4  sys_io_names.o(.constdata)
    .data                                    0x20000000   Section        4  stdio_streams.o(.data)
    .data                                    0x20000004   Section        4  stdio_streams.o(.data)
    .data                                    0x20000008   Section        4  stdio_streams.o(.data)
    .bss                                     0x20000088   Section       84  stdio_streams.o(.bss)
    .bss                                     0x200000dc   Section       84  stdio_streams.o(.bss)
    .bss                                     0x20000130   Section       84  stdio_streams.o(.bss)
    .bss                                     0x20000184   Section       96  libspace.o(.bss)
    Heap_Mem                                 0x20000270   Data         512  startup_stm32f103xe.o(HEAP)
    HEAP                                     0x20000270   Section      512  startup_stm32f103xe.o(HEAP)
    Stack_Mem                                0x20000470   Data        1024  startup_stm32f103xe.o(STACK)
    STACK                                    0x20000470   Section     1024  startup_stm32f103xe.o(STACK)
    __initial_sp                             0x20000870   Data           0  startup_stm32f103xe.o(STACK)

    Global Symbols

    Symbol Name                              Value     Ov Type        Size  Object(Section)

    BuildAttributes$$THM_ISAv4$P$D$K$B$S$PE$A:L22UL41UL21$X:L11$S22US41US21$IEEE1$IW$~IW$USESV6$~STKCKD$USESV7$~SHL$OTIME$ROPI$EBA8$UX$STANDARDLIB$REQ8$PRES8$EABIv2 0x00000000   Number         0  anon$$obj.o ABSOLUTE
    __fp_init_empty                          0x00000000   Number         0  fpinit_empty.o ABSOLUTE
    __ARM_exceptions_init                     - Undefined Weak Reference
    __alloca_initialize                       - Undefined Weak Reference
    __arm_preinit_                            - Undefined Weak Reference
    __cpp_initialize__aeabi_                  - Undefined Weak Reference
    __cxa_finalize                            - Undefined Weak Reference
    __rt_locale                               - Undefined Weak Reference
    __sigvec_lookup                           - Undefined Weak Reference
    __user_heap_extent                        - Undefined Weak Reference
    _atexit_init                              - Undefined Weak Reference
    _call_atexit_fns                          - Undefined Weak Reference
    _clock_init                               - Undefined Weak Reference
    _fp_trap_init                             - Undefined Weak Reference
    _fp_trap_shutdown                         - Undefined Weak Reference
    _get_lc_collate                           - Undefined Weak Reference
    _get_lc_ctype                             - Undefined Weak Reference
    _get_lc_monetary                          - Undefined Weak Reference
    _get_lc_numeric                           - Undefined Weak Reference
    _get_lc_time                              - Undefined Weak Reference
    _getenv_init                              - Undefined Weak Reference
    _handle_redirection                       - Undefined Weak Reference
    _mutex_acquire                            - Undefined Weak Reference
    _mutex_free                               - Undefined Weak Reference
    _mutex_release                            - Undefined Weak Reference
    _printf_post_padding                      - Undefined Weak Reference
    _printf_pre_padding                       - Undefined Weak Reference
    _printf_truncate_signed                   - Undefined Weak Reference
    _printf_truncate_unsigned                 - Undefined Weak Reference
    _rand_init                                - Undefined Weak Reference
    _signal_finish                            - Undefined Weak Reference
    _signal_init                              - Undefined Weak Reference
    __Vectors_Size                           0x00000130   Number         0  startup_stm32f103xe.o ABSOLUTE
    __Vectors                                0x08000000   Data           4  startup_stm32f103xe.o(RESET)
    __Vectors_End                            0x08000130   Data           0  startup_stm32f103xe.o(RESET)
    __main                                   0x08000131   Thumb Code     8  __main.o(!!!main)
    __scatterload                            0x08000139   Thumb Code     0  __scatter.o(!!!scatter)
    __scatterload_rt2                        0x08000139   Thumb Code    44  __scatter.o(!!!scatter)
    __scatterload_rt2_thumb_only             0x08000139   Thumb Code     0  __scatter.o(!!!scatter)
    __scatterload_null                       0x08000147   Thumb Code     0  __scatter.o(!!!scatter)
    __scatterload_copy                       0x0800016d   Thumb Code    26  __scatter_copy.o(!!handler_copy)
    __scatterload_zeroinit                   0x08000189   Thumb Code    28  __scatter_zi.o(!!handler_zi)
    _printf_d                                0x080001a5   Thumb Code     0  _printf_d.o(.ARM.Collect$$_printf_percent$$00000009)
    _printf_percent                          0x080001a5   Thumb Code     0  _printf_percent.o(.ARM.Collect$$_printf_percent$$00000000)
    _printf_x                                0x080001ab   Thumb Code     0  _printf_x.o(.ARM.Collect$$_printf_percent$$0000000C)
    _printf_percent_end                      0x080001b1   Thumb Code     0  _printf_percent_end.o(.ARM.Collect$$_printf_percent$$00000017)
    __rt_lib_init                            0x080001b5   Thumb Code     0  libinit.o(.ARM.Collect$$libinit$$00000000)
    __rt_lib_init_fp_1                       0x080001b7   Thumb Code     0  libinit2.o(.ARM.Collect$$libinit$$00000002)
    __rt_lib_init_heap_2                     0x080001b7   Thumb Code     0  libinit2.o(.ARM.Collect$$libinit$$00000005)
    __rt_lib_init_preinit_1                  0x080001b7   Thumb Code     0  libinit2.o(.ARM.Collect$$libinit$$00000004)
    __rt_lib_init_atexit_1                   0x080001bf   Thumb Code     0  libinit2.o(.ARM.Collect$$libinit$$0000001B)
    __rt_lib_init_clock_1                    0x080001bf   Thumb Code     0  libinit2.o(.ARM.Collect$$libinit$$00000021)
    __rt_lib_init_fp_trap_1                  0x080001bf   Thumb Code     0  libinit2.o(.ARM.Collect$$libinit$$0000001F)
    __rt_lib_init_getenv_1                   0x080001bf   Thumb Code     0  libinit2.o(.ARM.Collect$$libinit$$00000023)
    __rt_lib_init_heap_1                     0x080001bf   Thumb Code     0  libinit2.o(.ARM.Collect$$libinit$$0000000A)
    __rt_lib_init_lc_collate_1               0x080001bf   Thumb Code     0  libinit2.o(.ARM.Collect$$libinit$$00000011)
    __rt_lib_init_lc_ctype_1                 0x080001bf   Thumb Code     0  libinit2.o(.ARM.Collect$$libinit$$00000013)
    __rt_lib_init_lc_monetary_1              0x080001bf   Thumb Code     0  libinit2.o(.ARM.Collect$$libinit$$00000015)
    __rt_lib_init_lc_numeric_1               0x080001bf   Thumb Code     0  libinit2.o(.ARM.Collect$$libinit$$00000017)
    __rt_lib_init_lc_time_1                  0x080001bf   Thumb Code     0  libinit2.o(.ARM.Collect$$libinit$$00000019)
    __rt_lib_init_rand_1                     0x080001bf   Thumb Code     0  libinit2.o(.ARM.Collect$$libinit$$0000000E)
    __rt_lib_init_signal_1                   0x080001bf   Thumb Code     0  libinit2.o(.ARM.Collect$$libinit$$0000001D)
    __rt_lib_init_stdio_2                    0x080001bf   Thumb Code     0  libinit2.o(.ARM.Collect$$libinit$$00000024)
    __rt_lib_init_user_alloc_1               0x080001bf   Thumb Code     0  libinit2.o(.ARM.Collect$$libinit$$0000000C)
    __rt_lib_init_alloca_1                   0x080001c3   Thumb Code     0  libinit2.o(.ARM.Collect$$libinit$$0000002E)
    __rt_lib_init_argv_1                     0x080001c3   Thumb Code     0  libinit2.o(.ARM.Collect$$libinit$$0000002C)
    __rt_lib_init_cpp_1                      0x080001c3   Thumb Code     0  libinit2.o(.ARM.Collect$$libinit$$00000032)
    __rt_lib_init_exceptions_1               0x080001c3   Thumb Code     0  libinit2.o(.ARM.Collect$$libinit$$00000030)
    __rt_lib_init_return                     0x080001c3   Thumb Code     0  libinit2.o(.ARM.Collect$$libinit$$00000033)
    __rt_lib_init_stdio_1                    0x080001c3   Thumb Code     0  libinit2.o(.ARM.Collect$$libinit$$00000025)
    __rt_lib_shutdown                        0x080001c5   Thumb Code     0  libshutdown.o(.ARM.Collect$$libshutdown$$00000000)
    __rt_lib_shutdown_cpp_1                  0x080001c7   Thumb Code     0  libshutdown2.o(.ARM.Collect$$libshutdown$$00000002)
    __rt_lib_shutdown_stdio_2                0x080001c7   Thumb Code     0  libshutdown2.o(.ARM.Collect$$libshutdown$$00000003)
    __rt_lib_shutdown_fp_trap_1              0x080001cb   Thumb Code     0  libshutdown2.o(.ARM.Collect$$libshutdown$$00000007)
    __rt_lib_shutdown_heap_1                 0x080001cb   Thumb Code     0  libshutdown2.o(.ARM.Collect$$libshutdown$$0000000F)
    __rt_lib_shutdown_return                 0x080001cb   Thumb Code     0  libshutdown2.o(.ARM.Collect$$libshutdown$$00000010)
    __rt_lib_shutdown_signal_1               0x080001cb   Thumb Code     0  libshutdown2.o(.ARM.Collect$$libshutdown$$0000000A)
    __rt_lib_shutdown_stdio_1                0x080001cb   Thumb Code     0  libshutdown2.o(.ARM.Collect$$libshutdown$$00000004)
    __rt_lib_shutdown_user_alloc_1           0x080001cb   Thumb Code     0  libshutdown2.o(.ARM.Collect$$libshutdown$$0000000C)
    __rt_entry                               0x080001cd   Thumb Code     0  __rtentry.o(.ARM.Collect$$rtentry$$00000000)
    __rt_entry_presh_1                       0x080001cd   Thumb Code     0  __rtentry2.o(.ARM.Collect$$rtentry$$00000002)
    __rt_entry_sh                            0x080001cd   Thumb Code     0  __rtentry4.o(.ARM.Collect$$rtentry$$00000004)
    __rt_entry_li                            0x080001d3   Thumb Code     0  __rtentry2.o(.ARM.Collect$$rtentry$$0000000A)
    __rt_entry_postsh_1                      0x080001d3   Thumb Code     0  __rtentry2.o(.ARM.Collect$$rtentry$$00000009)
    __rt_entry_main                          0x080001d7   Thumb Code     0  __rtentry2.o(.ARM.Collect$$rtentry$$0000000D)
    __rt_entry_postli_1                      0x080001d7   Thumb Code     0  __rtentry2.o(.ARM.Collect$$rtentry$$0000000C)
    __rt_exit                                0x080001df   Thumb Code     0  rtexit.o(.ARM.Collect$$rtexit$$00000000)
    __rt_exit_ls                             0x080001e1   Thumb Code     0  rtexit2.o(.ARM.Collect$$rtexit$$00000003)
    __rt_exit_prels_1                        0x080001e1   Thumb Code     0  rtexit2.o(.ARM.Collect$$rtexit$$00000002)
    __rt_exit_exit                           0x080001e5   Thumb Code     0  rtexit2.o(.ARM.Collect$$rtexit$$00000004)
    Reset_Handler                            0x080001ed   Thumb Code     8  startup_stm32f103xe.o(.text)
    ADC1_2_IRQHandler                        0x08000207   Thumb Code     0  startup_stm32f103xe.o(.text)
    ADC3_IRQHandler                          0x08000207   Thumb Code     0  startup_stm32f103xe.o(.text)
    CAN1_RX1_IRQHandler                      0x08000207   Thumb Code     0  startup_stm32f103xe.o(.text)
    CAN1_SCE_IRQHandler                      0x08000207   Thumb Code     0  startup_stm32f103xe.o(.text)
    DMA1_Channel1_IRQHandler                 0x08000207   Thumb Code     0  startup_stm32f103xe.o(.text)
    DMA1_Channel2_IRQHandler                 0x08000207   Thumb Code     0  startup_stm32f103xe.o(.text)
    DMA1_Channel3_IRQHandler                 0x08000207   Thumb Code     0  startup_stm32f103xe.o(.text)
    DMA1_Channel4_IRQHandler                 0x08000207   Thumb Code     0  startup_stm32f103xe.o(.text)
    DMA1_Channel5_IRQHandler                 0x08000207   Thumb Code     0  startup_stm32f103xe.o(.text)
    DMA1_Channel6_IRQHandler                 0x08000207   Thumb Code     0  startup_stm32f103xe.o(.text)
    DMA1_Channel7_IRQHandler                 0x08000207   Thumb Code     0  startup_stm32f103xe.o(.text)
    DMA2_Channel1_IRQHandler                 0x08000207   Thumb Code     0  startup_stm32f103xe.o(.text)
    DMA2_Channel2_IRQHandler                 0x08000207   Thumb Code     0  startup_stm32f103xe.o(.text)
    DMA2_Channel3_IRQHandler                 0x08000207   Thumb Code     0  startup_stm32f103xe.o(.text)
    DMA2_Channel4_5_IRQHandler               0x08000207   Thumb Code     0  startup_stm32f103xe.o(.text)
    EXTI0_IRQHandler                         0x08000207   Thumb Code     0  startup_stm32f103xe.o(.text)
    EXTI1_IRQHandler                         0x08000207   Thumb Code     0  startup_stm32f103xe.o(.text)
    EXTI2_IRQHandler                         0x08000207   Thumb Code     0  startup_stm32f103xe.o(.text)
    EXTI3_IRQHandler                         0x08000207   Thumb Code     0  startup_stm32f103xe.o(.text)
    EXTI4_IRQHandler                         0x08000207   Thumb Code     0  startup_stm32f103xe.o(.text)
    EXTI9_5_IRQHandler                       0x08000207   Thumb Code     0  startup_stm32f103xe.o(.text)
    FLASH_IRQHandler                         0x08000207   Thumb Code     0  startup_stm32f103xe.o(.text)
    FSMC_IRQHandler                          0x08000207   Thumb Code     0  startup_stm32f103xe.o(.text)
    I2C1_ER_IRQHandler                       0x08000207   Thumb Code     0  startup_stm32f103xe.o(.text)
    I2C1_EV_IRQHandler                       0x08000207   Thumb Code     0  startup_stm32f103xe.o(.text)
    I2C2_ER_IRQHandler                       0x08000207   Thumb Code     0  startup_stm32f103xe.o(.text)
    I2C2_EV_IRQHandler                       0x08000207   Thumb Code     0  startup_stm32f103xe.o(.text)
    PVD_IRQHandler                           0x08000207   Thumb Code     0  startup_stm32f103xe.o(.text)
    RCC_IRQHandler                           0x08000207   Thumb Code     0  startup_stm32f103xe.o(.text)
    RTC_Alarm_IRQHandler                     0x08000207   Thumb Code     0  startup_stm32f103xe.o(.text)
    RTC_IRQHandler                           0x08000207   Thumb Code     0  startup_stm32f103xe.o(.text)
    SDIO_IRQHandler                          0x08000207   Thumb Code     0  startup_stm32f103xe.o(.text)
    SPI1_IRQHandler                          0x08000207   Thumb Code     0  startup_stm32f103xe.o(.text)
    SPI2_IRQHandler                          0x08000207   Thumb Code     0  startup_stm32f103xe.o(.text)
    SPI3_IRQHandler                          0x08000207   Thumb Code     0  startup_stm32f103xe.o(.text)
    TAMPER_IRQHandler                        0x08000207   Thumb Code     0  startup_stm32f103xe.o(.text)
    TIM1_BRK_IRQHandler                      0x08000207   Thumb Code     0  startup_stm32f103xe.o(.text)
    TIM1_CC_IRQHandler                       0x08000207   Thumb Code     0  startup_stm32f103xe.o(.text)
    TIM1_TRG_COM_IRQHandler                  0x08000207   Thumb Code     0  startup_stm32f103xe.o(.text)
    TIM1_UP_IRQHandler                       0x08000207   Thumb Code     0  startup_stm32f103xe.o(.text)
    TIM2_IRQHandler                          0x08000207   Thumb Code     0  startup_stm32f103xe.o(.text)
    TIM3_IRQHandler                          0x08000207   Thumb Code     0  startup_stm32f103xe.o(.text)
    TIM4_IRQHandler                          0x08000207   Thumb Code     0  startup_stm32f103xe.o(.text)
    TIM5_IRQHandler                          0x08000207   Thumb Code     0  startup_stm32f103xe.o(.text)
    TIM6_IRQHandler                          0x08000207   Thumb Code     0  startup_stm32f103xe.o(.text)
    TIM7_IRQHandler                          0x08000207   Thumb Code     0  startup_stm32f103xe.o(.text)
    TIM8_BRK_IRQHandler                      0x08000207   Thumb Code     0  startup_stm32f103xe.o(.text)
    TIM8_CC_IRQHandler                       0x08000207   Thumb Code     0  startup_stm32f103xe.o(.text)
    TIM8_TRG_COM_IRQHandler                  0x08000207   Thumb Code     0  startup_stm32f103xe.o(.text)
    TIM8_UP_IRQHandler                       0x08000207   Thumb Code     0  startup_stm32f103xe.o(.text)
    UART4_IRQHandler                         0x08000207   Thumb Code     0  startup_stm32f103xe.o(.text)
    UART5_IRQHandler                         0x08000207   Thumb Code     0  startup_stm32f103xe.o(.text)
    USART1_IRQHandler                        0x08000207   Thumb Code     0  startup_stm32f103xe.o(.text)
    USART2_IRQHandler                        0x08000207   Thumb Code     0  startup_stm32f103xe.o(.text)
    USART3_IRQHandler                        0x08000207   Thumb Code     0  startup_stm32f103xe.o(.text)
    USBWakeUp_IRQHandler                     0x08000207   Thumb Code     0  startup_stm32f103xe.o(.text)
    USB_HP_CAN1_TX_IRQHandler                0x08000207   Thumb Code     0  startup_stm32f103xe.o(.text)
    USB_LP_CAN1_RX0_IRQHandler               0x08000207   Thumb Code     0  startup_stm32f103xe.o(.text)
    WWDG_IRQHandler                          0x08000207   Thumb Code     0  startup_stm32f103xe.o(.text)
    __user_initial_stackheap                 0x08000209   Thumb Code     0  startup_stm32f103xe.o(.text)
    __2printf                                0x0800022d   Thumb Code    20  noretval__2printf.o(.text)
    __printf                                 0x08000245   Thumb Code   104  __printf.o(.text)
    _printf_int_dec                          0x080002ad   Thumb Code   104  _printf_dec.o(.text)
    _printf_int_hex                          0x08000325   Thumb Code    84  _printf_hex_int.o(.text)
    _printf_longlong_hex                     0x08000325   Thumb Code     0  _printf_hex_int.o(.text)
    __aeabi_memclr4                          0x0800037d   Thumb Code     0  rt_memclr_w.o(.text)
    __aeabi_memclr8                          0x0800037d   Thumb Code     0  rt_memclr_w.o(.text)
    __rt_memclr_w                            0x0800037d   Thumb Code    78  rt_memclr_w.o(.text)
    _memset_w                                0x08000381   Thumb Code     0  rt_memclr_w.o(.text)
    __use_two_region_memory                  0x080003cb   Thumb Code     2  heapauxi.o(.text)
    __rt_heap_escrow                         0x080003cd   Thumb Code     2  heapauxi.o(.text)
    __rt_heap_expand                         0x080003cf   Thumb Code     2  heapauxi.o(.text)
    _printf_int_common                       0x080003d1   Thumb Code   178  _printf_intcommon.o(.text)
    _printf_char_file                        0x08000485   Thumb Code    32  _printf_char_file.o(.text)
    _printf_char_common                      0x080004b3   Thumb Code    32  _printf_char_common.o(.text)
    ferror                                   0x080004d9   Thumb Code     8  ferror.o(.text)
    _initio                                  0x080004e1   Thumb Code   210  initio.o(.text)
    _terminateio                             0x080005b3   Thumb Code    56  initio.o(.text)
    __user_setup_stackheap                   0x08000619   Thumb Code    74  sys_stackheap_outer.o(.text)
    free                                     0x08000663   Thumb Code    78  h1_free.o(.text)
    setvbuf                                  0x080006b1   Thumb Code    70  setvbuf.o(.text)
    freopen                                  0x080006f9   Thumb Code   160  fopen.o(.text)
    fopen                                    0x08000799   Thumb Code    74  fopen.o(.text)
    _fclose_internal                         0x080007e9   Thumb Code    76  fclose.o(.text)
    fclose                                   0x080007e9   Thumb Code     0  fclose.o(.text)
    exit                                     0x08000835   Thumb Code    18  exit.o(.text)
    __rt_SIGRTRED                            0x08000847   Thumb Code    14  defsig_rtred_outer.o(.text)
    _sys_open                                0x08000855   Thumb Code    20  sys_io.o(.text)
    _sys_close                               0x08000869   Thumb Code    12  sys_io.o(.text)
    _sys_write                               0x08000875   Thumb Code    16  sys_io.o(.text)
    _sys_read                                0x08000885   Thumb Code    14  sys_io.o(.text)
    _sys_istty                               0x08000893   Thumb Code    12  sys_io.o(.text)
    _sys_seek                                0x0800089f   Thumb Code    14  sys_io.o(.text)
    _sys_ensure                              0x080008ad   Thumb Code     2  sys_io.o(.text)
    _sys_flen                                0x080008af   Thumb Code    12  sys_io.o(.text)
    __user_libspace                          0x080008bd   Thumb Code     8  libspace.o(.text)
    __user_perproc_libspace                  0x080008bd   Thumb Code     0  libspace.o(.text)
    __user_perthread_libspace                0x080008bd   Thumb Code     0  libspace.o(.text)
    __rt_heap_descriptor                     0x080008c5   Thumb Code     8  rt_heap_descriptor_intlibspace.o(.text)
    __use_no_heap                            0x080008cd   Thumb Code     2  hguard.o(.text)
    __heap$guard                             0x080008cf   Thumb Code     2  hguard.o(.text)
    _terminate_user_alloc                    0x080008d1   Thumb Code     2  init_alloc.o(.text)
    _init_user_alloc                         0x080008d3   Thumb Code     2  init_alloc.o(.text)
    __Heap_Full                              0x080008d5   Thumb Code    34  init_alloc.o(.text)
    __Heap_Broken                            0x080008f7   Thumb Code     6  init_alloc.o(.text)
    _init_alloc                              0x080008fd   Thumb Code    94  init_alloc.o(.text)
    malloc                                   0x0800095b   Thumb Code    94  h1_alloc.o(.text)
    _fseek                                   0x080009b9   Thumb Code   242  fseek.o(.text)
    fseek                                    0x080009b9   Thumb Code     0  fseek.o(.text)
    _seterr                                  0x08000ab1   Thumb Code    20  stdio.o(.text)
    _writebuf                                0x08000ac5   Thumb Code    84  stdio.o(.text)
    _fflush                                  0x08000b19   Thumb Code    70  stdio.o(.text)
    _deferredlazyseek                        0x08000b5f   Thumb Code    60  stdio.o(.text)
    __sig_exit                               0x08000ba1   Thumb Code    10  defsig_exit.o(.text)
    __rt_SIGRTRED_inner                      0x08000bad   Thumb Code    14  defsig_rtred_inner.o(.text)
    _sys_exit                                0x08000be1   Thumb Code     8  sys_exit.o(.text)
    __I$use$semihosting                      0x08000bed   Thumb Code     0  use_no_semi.o(.text)
    __use_no_semihosting_swi                 0x08000bed   Thumb Code     2  use_no_semi.o(.text)
    __Heap_Initialize                        0x08000bef   Thumb Code    10  h1_init.o(.text)
    __semihosting_library_function           0x08000bef   Thumb Code     0  indicate_semi.o(.text)
    _maybe_terminate_alloc                   0x08000bef   Thumb Code     0  maybetermalloc1.o(.text)
    __Heap_DescSize                          0x08000bf9   Thumb Code     4  h1_init.o(.text)
    __Heap_ProvideMemory                     0x08000bfd   Thumb Code    52  h1_extend.o(.text)
    _ftell_internal                          0x08000c31   Thumb Code    66  ftell.o(.text)
    ftell                                    0x08000c31   Thumb Code     0  ftell.o(.text)
    __default_signal_display                 0x08000c73   Thumb Code    50  defsig_general.o(.text)
    __rt_SIGRTMEM                            0x08000ca5   Thumb Code    14  defsig_rtmem_outer.o(.text)
    strlen                                   0x08000cb3   Thumb Code    62  strlen.o(.text)
    _ttywrch                                 0x08000cf1   Thumb Code    14  sys_wrch.o(.text)
    __aeabi_errno_addr                       0x08000d01   Thumb Code     8  rt_errno_addr_intlibspace.o(.text)
    __errno$intlibspace                      0x08000d01   Thumb Code     0  rt_errno_addr_intlibspace.o(.text)
    __rt_errno_addr$intlibspace              0x08000d01   Thumb Code     0  rt_errno_addr_intlibspace.o(.text)
    __rt_SIGRTMEM_inner                      0x08000d09   Thumb Code    22  defsig_rtmem_inner.o(.text)
    BusFault_Handler                         0x08000d59   Thumb Code     2  stm32f1xx_it.o(.text.BusFault_Handler)
    CH438Seril0Rcv                           0x08000d5d   Thumb Code    70  ch438uart0.o(.text.CH438Seril0Rcv)
    CH438Seril0Send                          0x08000da5   Thumb Code    38  ch438uart0.o(.text.CH438Seril0Send)
    CH438Seril1Rcv                           0x08000dcd   Thumb Code    70  ch438uart1.o(.text.CH438Seril1Rcv)
    CH438Seril1Send                          0x08000e15   Thumb Code    38  ch438uart1.o(.text.CH438Seril1Send)
    CH438Seril2Rcv                           0x08000e3d   Thumb Code    70  ch438uart2.o(.text.CH438Seril2Rcv)
    CH438Seril2Send                          0x08000e85   Thumb Code    38  ch438uart2.o(.text.CH438Seril2Send)
    CH438Seril3Rcv                           0x08000ead   Thumb Code    70  ch438uart3.o(.text.CH438Seril3Rcv)
    CH438Seril3Send                          0x08000ef5   Thumb Code    38  ch438uart3.o(.text.CH438Seril3Send)
    CH438Seril4Rcv                           0x08000f1d   Thumb Code    70  ch438uart4.o(.text.CH438Seril4Rcv)
    CH438Seril4Send                          0x08000f65   Thumb Code    38  ch438uart4.o(.text.CH438Seril4Send)
    CH438Seril5Rcv                           0x08000f8d   Thumb Code    70  ch438uart5.o(.text.CH438Seril5Rcv)
    CH438Seril5Send                          0x08000fd5   Thumb Code    38  ch438uart5.o(.text.CH438Seril5Send)
    CH438Seril6Rcv                           0x08000ffd   Thumb Code    70  ch438uart6.o(.text.CH438Seril6Rcv)
    CH438Seril6Send                          0x08001045   Thumb Code    38  ch438uart6.o(.text.CH438Seril6Send)
    CH438Seril7Rcv                           0x0800106d   Thumb Code    70  ch438uart7.o(.text.CH438Seril7Rcv)
    CH438Seril7Send                          0x080010b5   Thumb Code    38  ch438uart7.o(.text.CH438Seril7Send)
    CH438_InitAll                            0x080010dd   Thumb Code   484  hal_ch438uart.o(.text.CH438_InitAll)
    CH438_PORT_INIT                          0x080012c1   Thumb Code    46  directaddr.o(.text.CH438_PORT_INIT)
    DebugMon_Handler                         0x080012f1   Thumb Code     2  stm32f1xx_it.o(.text.DebugMon_Handler)
    EXTI15_10_IRQHandler                     0x080012f5   Thumb Code    12  stm32f1xx_it.o(.text.EXTI15_10_IRQHandler)
    Error_Handler                            0x08001301   Thumb Code    10  main.o(.text.Error_Handler)
    HAL_Delay                                0x0800130d   Thumb Code    40  stm32f1xx_hal.o(.text.HAL_Delay)
    HAL_GPIO_EXTI_Callback                   0x08001335   Thumb Code   210  stm32f1xx_it.o(.text.HAL_GPIO_EXTI_Callback)
    HAL_GPIO_EXTI_IRQHandler                 0x08001409   Thumb Code    26  stm32f1xx_hal_gpio.o(.text.HAL_GPIO_EXTI_IRQHandler)
    HAL_GPIO_Init                            0x08001425   Thumb Code   488  stm32f1xx_hal_gpio.o(.text.HAL_GPIO_Init)
    HAL_GPIO_WritePin                        0x0800160d   Thumb Code    10  stm32f1xx_hal_gpio.o(.text.HAL_GPIO_WritePin)
    HAL_GetTick                              0x08001619   Thumb Code    12  stm32f1xx_hal.o(.text.HAL_GetTick)
    HAL_IncTick                              0x08001625   Thumb Code    26  stm32f1xx_hal.o(.text.HAL_IncTick)
    HAL_Init                                 0x08001641   Thumb Code    38  stm32f1xx_hal.o(.text.HAL_Init)
    HAL_InitTick                             0x08001669   Thumb Code    80  stm32f1xx_hal.o(.text.HAL_InitTick)
    HAL_MspInit                              0x080016b9   Thumb Code    66  stm32f1xx_hal_msp.o(.text.HAL_MspInit)
    HAL_NVIC_EnableIRQ                       0x080016fd   Thumb Code     8  stm32f1xx_hal_cortex.o(.text.HAL_NVIC_EnableIRQ)
    HAL_NVIC_SetPriority                     0x08001705   Thumb Code    30  stm32f1xx_hal_cortex.o(.text.HAL_NVIC_SetPriority)
    HAL_NVIC_SetPriorityGrouping             0x08001725   Thumb Code     8  stm32f1xx_hal_cortex.o(.text.HAL_NVIC_SetPriorityGrouping)
    HAL_RCC_ClockConfig                      0x0800172d   Thumb Code   366  stm32f1xx_hal_rcc.o(.text.HAL_RCC_ClockConfig)
    HAL_RCC_GetHCLKFreq                      0x0800189d   Thumb Code    12  stm32f1xx_hal_rcc.o(.text.HAL_RCC_GetHCLKFreq)
    HAL_RCC_GetPCLK1Freq                     0x080018a9   Thumb Code    34  stm32f1xx_hal_rcc.o(.text.HAL_RCC_GetPCLK1Freq)
    HAL_RCC_GetPCLK2Freq                     0x080018cd   Thumb Code    34  stm32f1xx_hal_rcc.o(.text.HAL_RCC_GetPCLK2Freq)
    HAL_RCC_GetSysClockFreq                  0x080018f1   Thumb Code    96  stm32f1xx_hal_rcc.o(.text.HAL_RCC_GetSysClockFreq)
    HAL_RCC_OscConfig                        0x08001951   Thumb Code   788  stm32f1xx_hal_rcc.o(.text.HAL_RCC_OscConfig)
    HAL_SYSTICK_Config                       0x08001c65   Thumb Code     8  stm32f1xx_hal_cortex.o(.text.HAL_SYSTICK_Config)
    HAL_UART_Init                            0x08001c6d   Thumb Code    94  stm32f1xx_hal_uart.o(.text.HAL_UART_Init)
    HAL_UART_MspInit                         0x08001ccd   Thumb Code   126  usart.o(.text.HAL_UART_MspInit)
    HAL_UART_Transmit                        0x08001d4d   Thumb Code   204  stm32f1xx_hal_uart.o(.text.HAL_UART_Transmit)
    HardFault_Handler                        0x08001e19   Thumb Code     2  stm32f1xx_it.o(.text.HardFault_Handler)
    MX_GPIO_Init                             0x08001e1d   Thumb Code   264  gpio.o(.text.MX_GPIO_Init)
    MX_USART1_UART_Init                      0x08001f25   Thumb Code    56  usart.o(.text.MX_USART1_UART_Init)
    MemManage_Handler                        0x08001f5d   Thumb Code     2  stm32f1xx_it.o(.text.MemManage_Handler)
    NMI_Handler                              0x08001f61   Thumb Code     2  stm32f1xx_it.o(.text.NMI_Handler)
    PendSV_Handler                           0x08001f91   Thumb Code     2  stm32f1xx_it.o(.text.PendSV_Handler)
    ReadCH438Data                            0x08001fc1   Thumb Code   114  directaddr.o(.text.ReadCH438Data)
    SVC_Handler                              0x08002035   Thumb Code     2  stm32f1xx_it.o(.text.SVC_Handler)
    SysTick_Handler                          0x08002069   Thumb Code     8  stm32f1xx_it.o(.text.SysTick_Handler)
    SystemClock_Config                       0x08002071   Thumb Code    92  main.o(.text.SystemClock_Config)
    SystemInit                               0x080020cd   Thumb Code     2  system_stm32f1xx.o(.text.SystemInit)
    UsageFault_Handler                       0x080021c5   Thumb Code     2  stm32f1xx_it.o(.text.UsageFault_Handler)
    WriteCH438Data                           0x080021c9   Thumb Code   146  directaddr.o(.text.WriteCH438Data)
    fputc                                    0x080022d1   Thumb Code    54  usart.o(.text.fputc)
    ledBlink                                 0x08002309   Thumb Code    78  main.o(.text.ledBlink)
    main                                     0x08002359   Thumb Code    66  main.o(.text.main)
    uDelay                                   0x0800239d   Thumb Code    26  directaddr.o(.text.uDelay)
    __stdin_name                             0x080023de   Data           4  sys_io_names.o(.constdata)
    __stdout_name                            0x080023e2   Data           4  sys_io_names.o(.constdata)
    __stderr_name                            0x080023e6   Data           4  sys_io_names.o(.constdata)
    AHBPrescTable                            0x080023ea   Data          16  system_stm32f1xx.o(.rodata.AHBPrescTable)
    APBPrescTable                            0x080023fa   Data           8  system_stm32f1xx.o(.rodata.APBPrescTable)
    Region$$Table$$Base                      0x08002404   Number         0  anon$$obj.o(Region$$Table)
    Region$$Table$$Limit                     0x08002424   Number         0  anon$$obj.o(Region$$Table)
    __aeabi_stdin                            0x20000000   Data           4  stdio_streams.o(.data)
    __aeabi_stdout                           0x20000004   Data           4  stdio_streams.o(.data)
    __aeabi_stderr                           0x20000008   Data           4  stdio_streams.o(.data)
    GPIO_InitStruct_Input                    0x2000000c   Data          16  directaddr.o(.data.GPIO_InitStruct_Input)
    GPIO_InitStruct_Output                   0x2000001c   Data          16  directaddr.o(.data.GPIO_InitStruct_Output)
    SystemCoreClock                          0x2000002c   Data           4  system_stm32f1xx.o(.data.SystemCoreClock)
    regDLL                                   0x20000030   Data           8  hal_ch438uart.o(.data.regDLL)
    regDLM                                   0x20000038   Data           8  hal_ch438uart.o(.data.regDLM)
    regFCR                                   0x20000040   Data           8  hal_ch438uart.o(.data.regFCR)
    regIER                                   0x20000048   Data           8  hal_ch438uart.o(.data.regIER)
    regIIR                                   0x20000050   Data           8  hal_ch438uart.o(.data.regIIR)
    regLCR                                   0x20000058   Data           8  hal_ch438uart.o(.data.regLCR)
    regLSR                                   0x20000060   Data           8  hal_ch438uart.o(.data.regLSR)
    regMCR                                   0x20000068   Data           8  hal_ch438uart.o(.data.regMCR)
    regRBR                                   0x20000070   Data           8  hal_ch438uart.o(.data.regRBR)
    regTHR                                   0x20000078   Data           8  hal_ch438uart.o(.data.regTHR)
    uwTickFreq                               0x20000080   Data           1  stm32f1xx_hal.o(.data.uwTickFreq)
    uwTickPrio                               0x20000084   Data           4  stm32f1xx_hal.o(.data.uwTickPrio)
    __stdin                                  0x20000088   Data          84  stdio_streams.o(.bss)
    __stdout                                 0x200000dc   Data          84  stdio_streams.o(.bss)
    __stderr                                 0x20000130   Data          84  stdio_streams.o(.bss)
    __libspace_start                         0x20000184   Data          96  libspace.o(.bss)
    __temporary_stack_top$libspace           0x200001e4   Data           0  libspace.o(.bss)
    ch438Recv                                0x200001e4   Data          32  hal_ch438uart.o(.bss.ch438Recv)
    ch438Send                                0x20000204   Data          32  hal_ch438uart.o(.bss.ch438Send)
    huart1                                   0x20000224   Data          68  usart.o(.bss.huart1)
    uwTick                                   0x20000268   Data           4  stm32f1xx_hal.o(.bss.uwTick)



==============================================================================

Memory Map of the image

  Image Entry point : 0x08000131

  Load Region LR_IROM1 (Base: 0x08000000, Size: 0x000024b0, Max: 0x00040000, ABSOLUTE)

    Execution Region ER_IROM1 (Exec base: 0x08000000, Load base: 0x08000000, Size: 0x00002424, Max: 0x00040000, ABSOLUTE)

    Exec Addr    Load Addr    Size         Type   Attr      Idx    E Section Name        Object

    0x08000000   0x08000000   0x00000130   Data   RO            3    RESET               startup_stm32f103xe.o
    0x08000130   0x08000130   0x00000008   Code   RO          973  * !!!main             c_w.l(__main.o)
    0x08000138   0x08000138   0x00000034   Code   RO         1300    !!!scatter          c_w.l(__scatter.o)
    0x0800016c   0x0800016c   0x0000001a   Code   RO         1302    !!handler_copy      c_w.l(__scatter_copy.o)
    0x08000186   0x08000186   0x00000002   PAD
    0x08000188   0x08000188   0x0000001c   Code   RO         1304    !!handler_zi        c_w.l(__scatter_zi.o)
    0x080001a4   0x080001a4   0x00000000   Code   RO          968    .ARM.Collect$$_printf_percent$$00000000  c_w.l(_printf_percent.o)
    0x080001a4   0x080001a4   0x00000006   Code   RO          967    .ARM.Collect$$_printf_percent$$00000009  c_w.l(_printf_d.o)
    0x080001aa   0x080001aa   0x00000006   Code   RO          966    .ARM.Collect$$_printf_percent$$0000000C  c_w.l(_printf_x.o)
    0x080001b0   0x080001b0   0x00000004   Code   RO          980    .ARM.Collect$$_printf_percent$$00000017  c_w.l(_printf_percent_end.o)
    0x080001b4   0x080001b4   0x00000002   Code   RO         1099    .ARM.Collect$$libinit$$00000000  c_w.l(libinit.o)
    0x080001b6   0x080001b6   0x00000000   Code   RO         1101    .ARM.Collect$$libinit$$00000002  c_w.l(libinit2.o)
    0x080001b6   0x080001b6   0x00000000   Code   RO         1103    .ARM.Collect$$libinit$$00000004  c_w.l(libinit2.o)
    0x080001b6   0x080001b6   0x00000008   Code   RO         1104    .ARM.Collect$$libinit$$00000005  c_w.l(libinit2.o)
    0x080001be   0x080001be   0x00000000   Code   RO         1106    .ARM.Collect$$libinit$$0000000A  c_w.l(libinit2.o)
    0x080001be   0x080001be   0x00000000   Code   RO         1108    .ARM.Collect$$libinit$$0000000C  c_w.l(libinit2.o)
    0x080001be   0x080001be   0x00000000   Code   RO         1110    .ARM.Collect$$libinit$$0000000E  c_w.l(libinit2.o)
    0x080001be   0x080001be   0x00000000   Code   RO         1113    .ARM.Collect$$libinit$$00000011  c_w.l(libinit2.o)
    0x080001be   0x080001be   0x00000000   Code   RO         1115    .ARM.Collect$$libinit$$00000013  c_w.l(libinit2.o)
    0x080001be   0x080001be   0x00000000   Code   RO         1117    .ARM.Collect$$libinit$$00000015  c_w.l(libinit2.o)
    0x080001be   0x080001be   0x00000000   Code   RO         1119    .ARM.Collect$$libinit$$00000017  c_w.l(libinit2.o)
    0x080001be   0x080001be   0x00000000   Code   RO         1121    .ARM.Collect$$libinit$$00000019  c_w.l(libinit2.o)
    0x080001be   0x080001be   0x00000000   Code   RO         1123    .ARM.Collect$$libinit$$0000001B  c_w.l(libinit2.o)
    0x080001be   0x080001be   0x00000000   Code   RO         1125    .ARM.Collect$$libinit$$0000001D  c_w.l(libinit2.o)
    0x080001be   0x080001be   0x00000000   Code   RO         1127    .ARM.Collect$$libinit$$0000001F  c_w.l(libinit2.o)
    0x080001be   0x080001be   0x00000000   Code   RO         1129    .ARM.Collect$$libinit$$00000021  c_w.l(libinit2.o)
    0x080001be   0x080001be   0x00000000   Code   RO         1131    .ARM.Collect$$libinit$$00000023  c_w.l(libinit2.o)
    0x080001be   0x080001be   0x00000004   Code   RO         1132    .ARM.Collect$$libinit$$00000024  c_w.l(libinit2.o)
    0x080001c2   0x080001c2   0x00000000   Code   RO         1133    .ARM.Collect$$libinit$$00000025  c_w.l(libinit2.o)
    0x080001c2   0x080001c2   0x00000000   Code   RO         1137    .ARM.Collect$$libinit$$0000002C  c_w.l(libinit2.o)
    0x080001c2   0x080001c2   0x00000000   Code   RO         1139    .ARM.Collect$$libinit$$0000002E  c_w.l(libinit2.o)
    0x080001c2   0x080001c2   0x00000000   Code   RO         1141    .ARM.Collect$$libinit$$00000030  c_w.l(libinit2.o)
    0x080001c2   0x080001c2   0x00000000   Code   RO         1143    .ARM.Collect$$libinit$$00000032  c_w.l(libinit2.o)
    0x080001c2   0x080001c2   0x00000002   Code   RO         1144    .ARM.Collect$$libinit$$00000033  c_w.l(libinit2.o)
    0x080001c4   0x080001c4   0x00000002   Code   RO         1279    .ARM.Collect$$libshutdown$$00000000  c_w.l(libshutdown.o)
    0x080001c6   0x080001c6   0x00000000   Code   RO         1146    .ARM.Collect$$libshutdown$$00000002  c_w.l(libshutdown2.o)
    0x080001c6   0x080001c6   0x00000004   Code   RO         1147    .ARM.Collect$$libshutdown$$00000003  c_w.l(libshutdown2.o)
    0x080001ca   0x080001ca   0x00000000   Code   RO         1148    .ARM.Collect$$libshutdown$$00000004  c_w.l(libshutdown2.o)
    0x080001ca   0x080001ca   0x00000000   Code   RO         1151    .ARM.Collect$$libshutdown$$00000007  c_w.l(libshutdown2.o)
    0x080001ca   0x080001ca   0x00000000   Code   RO         1154    .ARM.Collect$$libshutdown$$0000000A  c_w.l(libshutdown2.o)
    0x080001ca   0x080001ca   0x00000000   Code   RO         1156    .ARM.Collect$$libshutdown$$0000000C  c_w.l(libshutdown2.o)
    0x080001ca   0x080001ca   0x00000000   Code   RO         1159    .ARM.Collect$$libshutdown$$0000000F  c_w.l(libshutdown2.o)
    0x080001ca   0x080001ca   0x00000002   Code   RO         1160    .ARM.Collect$$libshutdown$$00000010  c_w.l(libshutdown2.o)
    0x080001cc   0x080001cc   0x00000000   Code   RO          975    .ARM.Collect$$rtentry$$00000000  c_w.l(__rtentry.o)
    0x080001cc   0x080001cc   0x00000000   Code   RO          988    .ARM.Collect$$rtentry$$00000002  c_w.l(__rtentry2.o)
    0x080001cc   0x080001cc   0x00000006   Code   RO         1000    .ARM.Collect$$rtentry$$00000004  c_w.l(__rtentry4.o)
    0x080001d2   0x080001d2   0x00000000   Code   RO          990    .ARM.Collect$$rtentry$$00000009  c_w.l(__rtentry2.o)
    0x080001d2   0x080001d2   0x00000004   Code   RO          991    .ARM.Collect$$rtentry$$0000000A  c_w.l(__rtentry2.o)
    0x080001d6   0x080001d6   0x00000000   Code   RO          993    .ARM.Collect$$rtentry$$0000000C  c_w.l(__rtentry2.o)
    0x080001d6   0x080001d6   0x00000008   Code   RO          994    .ARM.Collect$$rtentry$$0000000D  c_w.l(__rtentry2.o)
    0x080001de   0x080001de   0x00000002   Code   RO         1168    .ARM.Collect$$rtexit$$00000000  c_w.l(rtexit.o)
    0x080001e0   0x080001e0   0x00000000   Code   RO         1219    .ARM.Collect$$rtexit$$00000002  c_w.l(rtexit2.o)
    0x080001e0   0x080001e0   0x00000004   Code   RO         1220    .ARM.Collect$$rtexit$$00000003  c_w.l(rtexit2.o)
    0x080001e4   0x080001e4   0x00000006   Code   RO         1221    .ARM.Collect$$rtexit$$00000004  c_w.l(rtexit2.o)
    0x080001ea   0x080001ea   0x00000002   PAD
    0x080001ec   0x080001ec   0x00000040   Code   RO            4    .text               startup_stm32f103xe.o
    0x0800022c   0x0800022c   0x00000018   Code   RO          919    .text               c_w.l(noretval__2printf.o)
    0x08000244   0x08000244   0x00000068   Code   RO          921    .text               c_w.l(__printf.o)
    0x080002ac   0x080002ac   0x00000078   Code   RO          923    .text               c_w.l(_printf_dec.o)
    0x08000324   0x08000324   0x00000058   Code   RO          928    .text               c_w.l(_printf_hex_int.o)
    0x0800037c   0x0800037c   0x0000004e   Code   RO          969    .text               c_w.l(rt_memclr_w.o)
    0x080003ca   0x080003ca   0x00000006   Code   RO          971    .text               c_w.l(heapauxi.o)
    0x080003d0   0x080003d0   0x000000b2   Code   RO          976    .text               c_w.l(_printf_intcommon.o)
    0x08000482   0x08000482   0x00000002   PAD
    0x08000484   0x08000484   0x00000024   Code   RO          978    .text               c_w.l(_printf_char_file.o)
    0x080004a8   0x080004a8   0x00000030   Code   RO         1002    .text               c_w.l(_printf_char_common.o)
    0x080004d8   0x080004d8   0x00000008   Code   RO         1004    .text               c_w.l(ferror.o)
    0x080004e0   0x080004e0   0x00000138   Code   RO         1006    .text               c_w.l(initio.o)
    0x08000618   0x08000618   0x0000004a   Code   RO         1017    .text               c_w.l(sys_stackheap_outer.o)
    0x08000662   0x08000662   0x0000004e   Code   RO         1021    .text               c_w.l(h1_free.o)
    0x080006b0   0x080006b0   0x00000046   Code   RO         1077    .text               c_w.l(setvbuf.o)
    0x080006f6   0x080006f6   0x00000002   PAD
    0x080006f8   0x080006f8   0x000000f0   Code   RO         1080    .text               c_w.l(fopen.o)
    0x080007e8   0x080007e8   0x0000004c   Code   RO         1082    .text               c_w.l(fclose.o)
    0x08000834   0x08000834   0x00000012   Code   RO         1088    .text               c_w.l(exit.o)
    0x08000846   0x08000846   0x0000000e   Code   RO         1090    .text               c_w.l(defsig_rtred_outer.o)
    0x08000854   0x08000854   0x00000066   Code   RO         1161    .text               c_w.l(sys_io.o)
    0x080008ba   0x080008ba   0x00000002   PAD
    0x080008bc   0x080008bc   0x00000008   Code   RO         1165    .text               c_w.l(libspace.o)
    0x080008c4   0x080008c4   0x00000008   Code   RO         1175    .text               c_w.l(rt_heap_descriptor_intlibspace.o)
    0x080008cc   0x080008cc   0x00000004   Code   RO         1177    .text               c_w.l(hguard.o)
    0x080008d0   0x080008d0   0x0000008a   Code   RO         1179    .text               c_w.l(init_alloc.o)
    0x0800095a   0x0800095a   0x0000005e   Code   RO         1185    .text               c_w.l(h1_alloc.o)
    0x080009b8   0x080009b8   0x000000f8   Code   RO         1197    .text               c_w.l(fseek.o)
    0x08000ab0   0x08000ab0   0x000000f0   Code   RO         1199    .text               c_w.l(stdio.o)
    0x08000ba0   0x08000ba0   0x0000000a   Code   RO         1201    .text               c_w.l(defsig_exit.o)
    0x08000baa   0x08000baa   0x00000002   PAD
    0x08000bac   0x08000bac   0x00000034   Code   RO         1203    .text               c_w.l(defsig_rtred_inner.o)
    0x08000be0   0x08000be0   0x0000000c   Code   RO         1211    .text               c_w.l(sys_exit.o)
    0x08000bec   0x08000bec   0x00000002   Code   RO         1215    .text               c_w.l(use_no_semi.o)
    0x08000bee   0x08000bee   0x00000000   Code   RO         1217    .text               c_w.l(indicate_semi.o)
    0x08000bee   0x08000bee   0x00000000   Code   RO         1225    .text               c_w.l(maybetermalloc1.o)
    0x08000bee   0x08000bee   0x0000000e   Code   RO         1227    .text               c_w.l(h1_init.o)
    0x08000bfc   0x08000bfc   0x00000034   Code   RO         1229    .text               c_w.l(h1_extend.o)
    0x08000c30   0x08000c30   0x00000042   Code   RO         1235    .text               c_w.l(ftell.o)
    0x08000c72   0x08000c72   0x00000032   Code   RO         1239    .text               c_w.l(defsig_general.o)
    0x08000ca4   0x08000ca4   0x0000000e   Code   RO         1241    .text               c_w.l(defsig_rtmem_outer.o)
    0x08000cb2   0x08000cb2   0x0000003e   Code   RO         1245    .text               c_w.l(strlen.o)
    0x08000cf0   0x08000cf0   0x0000000e   Code   RO         1256    .text               c_w.l(sys_wrch.o)
    0x08000cfe   0x08000cfe   0x00000002   PAD
    0x08000d00   0x08000d00   0x00000008   Code   RO         1267    .text               c_w.l(rt_errno_addr_intlibspace.o)
    0x08000d08   0x08000d08   0x00000050   Code   RO         1273    .text               c_w.l(defsig_rtmem_inner.o)
    0x08000d58   0x08000d58   0x00000002   Code   RO          337    .text.BusFault_Handler  stm32f1xx_it.o
    0x08000d5a   0x08000d5a   0x00000002   PAD
    0x08000d5c   0x08000d5c   0x00000046   Code   RO           29    .text.CH438Seril0Rcv  ch438uart0.o
    0x08000da2   0x08000da2   0x00000002   PAD
    0x08000da4   0x08000da4   0x00000026   Code   RO           27    .text.CH438Seril0Send  ch438uart0.o
    0x08000dca   0x08000dca   0x00000002   PAD
    0x08000dcc   0x08000dcc   0x00000046   Code   RO           60    .text.CH438Seril1Rcv  ch438uart1.o
    0x08000e12   0x08000e12   0x00000002   PAD
    0x08000e14   0x08000e14   0x00000026   Code   RO           58    .text.CH438Seril1Send  ch438uart1.o
    0x08000e3a   0x08000e3a   0x00000002   PAD
    0x08000e3c   0x08000e3c   0x00000046   Code   RO           89    .text.CH438Seril2Rcv  ch438uart2.o
    0x08000e82   0x08000e82   0x00000002   PAD
    0x08000e84   0x08000e84   0x00000026   Code   RO           87    .text.CH438Seril2Send  ch438uart2.o
    0x08000eaa   0x08000eaa   0x00000002   PAD
    0x08000eac   0x08000eac   0x00000046   Code   RO          117    .text.CH438Seril3Rcv  ch438uart3.o
    0x08000ef2   0x08000ef2   0x00000002   PAD
    0x08000ef4   0x08000ef4   0x00000026   Code   RO          115    .text.CH438Seril3Send  ch438uart3.o
    0x08000f1a   0x08000f1a   0x00000002   PAD
    0x08000f1c   0x08000f1c   0x00000046   Code   RO          145    .text.CH438Seril4Rcv  ch438uart4.o
    0x08000f62   0x08000f62   0x00000002   PAD
    0x08000f64   0x08000f64   0x00000026   Code   RO          143    .text.CH438Seril4Send  ch438uart4.o
    0x08000f8a   0x08000f8a   0x00000002   PAD
    0x08000f8c   0x08000f8c   0x00000046   Code   RO          173    .text.CH438Seril5Rcv  ch438uart5.o
    0x08000fd2   0x08000fd2   0x00000002   PAD
    0x08000fd4   0x08000fd4   0x00000026   Code   RO          171    .text.CH438Seril5Send  ch438uart5.o
    0x08000ffa   0x08000ffa   0x00000002   PAD
    0x08000ffc   0x08000ffc   0x00000046   Code   RO          201    .text.CH438Seril6Rcv  ch438uart6.o
    0x08001042   0x08001042   0x00000002   PAD
    0x08001044   0x08001044   0x00000026   Code   RO          199    .text.CH438Seril6Send  ch438uart6.o
    0x0800106a   0x0800106a   0x00000002   PAD
    0x0800106c   0x0800106c   0x00000046   Code   RO          229    .text.CH438Seril7Rcv  ch438uart7.o
    0x080010b2   0x080010b2   0x00000002   PAD
    0x080010b4   0x080010b4   0x00000026   Code   RO          227    .text.CH438Seril7Send  ch438uart7.o
    0x080010da   0x080010da   0x00000002   PAD
    0x080010dc   0x080010dc   0x000001e4   Code   RO          265    .text.CH438_InitAll  hal_ch438uart.o
    0x080012c0   0x080012c0   0x0000002e   Code   RO          253    .text.CH438_PORT_INIT  directaddr.o
    0x080012ee   0x080012ee   0x00000002   PAD
    0x080012f0   0x080012f0   0x00000002   Code   RO          343    .text.DebugMon_Handler  stm32f1xx_it.o
    0x080012f2   0x080012f2   0x00000002   PAD
    0x080012f4   0x080012f4   0x0000000c   Code   RO          349    .text.EXTI15_10_IRQHandler  stm32f1xx_it.o
    0x08001300   0x08001300   0x0000000a   Code   RO          295    .text.Error_Handler  main.o
    0x0800130a   0x0800130a   0x00000002   PAD
    0x0800130c   0x0800130c   0x00000028   Code   RO          537    .text.HAL_Delay     stm32f1xx_hal.o
    0x08001334   0x08001334   0x000000d2   Code   RO          351    .text.HAL_GPIO_EXTI_Callback  stm32f1xx_it.o
    0x08001406   0x08001406   0x00000002   PAD
    0x08001408   0x08001408   0x0000001a   Code   RO          642    .text.HAL_GPIO_EXTI_IRQHandler  stm32f1xx_hal_gpio.o
    0x08001422   0x08001422   0x00000002   PAD
    0x08001424   0x08001424   0x000001e8   Code   RO          630    .text.HAL_GPIO_Init  stm32f1xx_hal_gpio.o
    0x0800160c   0x0800160c   0x0000000a   Code   RO          636    .text.HAL_GPIO_WritePin  stm32f1xx_hal_gpio.o
    0x08001616   0x08001616   0x00000002   PAD
    0x08001618   0x08001618   0x0000000c   Code   RO          529    .text.HAL_GetTick   stm32f1xx_hal.o
    0x08001624   0x08001624   0x0000001a   Code   RO          527    .text.HAL_IncTick   stm32f1xx_hal.o
    0x0800163e   0x0800163e   0x00000002   PAD
    0x08001640   0x08001640   0x00000026   Code   RO          517    .text.HAL_Init      stm32f1xx_hal.o
    0x08001666   0x08001666   0x00000002   PAD
    0x08001668   0x08001668   0x00000050   Code   RO          519    .text.HAL_InitTick  stm32f1xx_hal.o
    0x080016b8   0x080016b8   0x00000042   Code   RO          362    .text.HAL_MspInit   stm32f1xx_hal_msp.o
    0x080016fa   0x080016fa   0x00000002   PAD
    0x080016fc   0x080016fc   0x00000008   Code   RO          700    .text.HAL_NVIC_EnableIRQ  stm32f1xx_hal_cortex.o
    0x08001704   0x08001704   0x0000001e   Code   RO          692    .text.HAL_NVIC_SetPriority  stm32f1xx_hal_cortex.o
    0x08001722   0x08001722   0x00000002   PAD
    0x08001724   0x08001724   0x00000008   Code   RO          688    .text.HAL_NVIC_SetPriorityGrouping  stm32f1xx_hal_cortex.o
    0x0800172c   0x0800172c   0x0000016e   Code   RO          584    .text.HAL_RCC_ClockConfig  stm32f1xx_hal_rcc.o
    0x0800189a   0x0800189a   0x00000002   PAD
    0x0800189c   0x0800189c   0x0000000c   Code   RO          594    .text.HAL_RCC_GetHCLKFreq  stm32f1xx_hal_rcc.o
    0x080018a8   0x080018a8   0x00000022   Code   RO          596    .text.HAL_RCC_GetPCLK1Freq  stm32f1xx_hal_rcc.o
    0x080018ca   0x080018ca   0x00000002   PAD
    0x080018cc   0x080018cc   0x00000022   Code   RO          598    .text.HAL_RCC_GetPCLK2Freq  stm32f1xx_hal_rcc.o
    0x080018ee   0x080018ee   0x00000002   PAD
    0x080018f0   0x080018f0   0x00000060   Code   RO          586    .text.HAL_RCC_GetSysClockFreq  stm32f1xx_hal_rcc.o
    0x08001950   0x08001950   0x00000314   Code   RO          580    .text.HAL_RCC_OscConfig  stm32f1xx_hal_rcc.o
    0x08001c64   0x08001c64   0x00000008   Code   RO          712    .text.HAL_SYSTICK_Config  stm32f1xx_hal_cortex.o
    0x08001c6c   0x08001c6c   0x0000005e   Code   RO          387    .text.HAL_UART_Init  stm32f1xx_hal_uart.o
    0x08001cca   0x08001cca   0x00000002   PAD
    0x08001ccc   0x08001ccc   0x0000007e   Code   RO          316    .text.HAL_UART_MspInit  usart.o
    0x08001d4a   0x08001d4a   0x00000002   PAD
    0x08001d4c   0x08001d4c   0x000000cc   Code   RO          403    .text.HAL_UART_Transmit  stm32f1xx_hal_uart.o
    0x08001e18   0x08001e18   0x00000002   Code   RO          333    .text.HardFault_Handler  stm32f1xx_it.o
    0x08001e1a   0x08001e1a   0x00000002   PAD
    0x08001e1c   0x08001e1c   0x00000108   Code   RO          305    .text.MX_GPIO_Init  gpio.o
    0x08001f24   0x08001f24   0x00000038   Code   RO          314    .text.MX_USART1_UART_Init  usart.o
    0x08001f5c   0x08001f5c   0x00000002   Code   RO          335    .text.MemManage_Handler  stm32f1xx_it.o
    0x08001f5e   0x08001f5e   0x00000002   PAD
    0x08001f60   0x08001f60   0x00000002   Code   RO          331    .text.NMI_Handler   stm32f1xx_it.o
    0x08001f62   0x08001f62   0x00000002   PAD
    0x08001f64   0x08001f64   0x0000002c   Code   RO          698    .text.NVIC_EncodePriority  stm32f1xx_hal_cortex.o
    0x08001f90   0x08001f90   0x00000002   Code   RO          345    .text.PendSV_Handler  stm32f1xx_it.o
    0x08001f92   0x08001f92   0x00000002   PAD
    0x08001f94   0x08001f94   0x0000002c   Code   RO          582    .text.RCC_Delay     stm32f1xx_hal_rcc.o
    0x08001fc0   0x08001fc0   0x00000072   Code   RO          247    .text.ReadCH438Data  directaddr.o
    0x08002032   0x08002032   0x00000002   PAD
    0x08002034   0x08002034   0x00000002   Code   RO          341    .text.SVC_Handler   stm32f1xx_it.o
    0x08002036   0x08002036   0x00000002   PAD
    0x08002038   0x08002038   0x0000002e   Code   RO          714    .text.SysTick_Config  stm32f1xx_hal_cortex.o
    0x08002066   0x08002066   0x00000002   PAD
    0x08002068   0x08002068   0x00000008   Code   RO          347    .text.SysTick_Handler  stm32f1xx_it.o
    0x08002070   0x08002070   0x0000005c   Code   RO          293    .text.SystemClock_Config  main.o
    0x080020cc   0x080020cc   0x00000002   Code   RO          901    .text.SystemInit    system_stm32f1xx.o
    0x080020ce   0x080020ce   0x00000002   PAD
    0x080020d0   0x080020d0   0x0000008e   Code   RO          391    .text.UART_SetConfig  stm32f1xx_hal_uart.o
    0x0800215e   0x0800215e   0x00000002   PAD
    0x08002160   0x08002160   0x00000064   Code   RO          405    .text.UART_WaitOnFlagUntilTimeout  stm32f1xx_hal_uart.o
    0x080021c4   0x080021c4   0x00000002   Code   RO          339    .text.UsageFault_Handler  stm32f1xx_it.o
    0x080021c6   0x080021c6   0x00000002   PAD
    0x080021c8   0x080021c8   0x00000092   Code   RO          245    .text.WriteCH438Data  directaddr.o
    0x0800225a   0x0800225a   0x00000002   PAD
    0x0800225c   0x0800225c   0x00000020   Code   RO          702    .text.__NVIC_EnableIRQ  stm32f1xx_hal_cortex.o
    0x0800227c   0x0800227c   0x00000010   Code   RO          694    .text.__NVIC_GetPriorityGrouping  stm32f1xx_hal_cortex.o
    0x0800228c   0x0800228c   0x00000022   Code   RO          696    .text.__NVIC_SetPriority  stm32f1xx_hal_cortex.o
    0x080022ae   0x080022ae   0x00000002   PAD
    0x080022b0   0x080022b0   0x00000020   Code   RO          690    .text.__NVIC_SetPriorityGrouping  stm32f1xx_hal_cortex.o
    0x080022d0   0x080022d0   0x00000036   Code   RO          320    .text.fputc         usart.o
    0x08002306   0x08002306   0x00000002   PAD
    0x08002308   0x08002308   0x0000004e   Code   RO          287    .text.ledBlink      main.o
    0x08002356   0x08002356   0x00000002   PAD
    0x08002358   0x08002358   0x00000042   Code   RO          291    .text.main          main.o
    0x0800239a   0x0800239a   0x00000002   PAD
    0x0800239c   0x0800239c   0x0000001a   Code   RO          243    .text.uDelay        directaddr.o
    0x080023b6   0x080023b6   0x00000028   Data   RO          929    .constdata          c_w.l(_printf_hex_int.o)
    0x080023de   0x080023de   0x00000004   Data   RO         1012    .constdata          c_w.l(sys_io_names.o)
    0x080023e2   0x080023e2   0x00000004   Data   RO         1013    .constdata          c_w.l(sys_io_names.o)
    0x080023e6   0x080023e6   0x00000004   Data   RO         1014    .constdata          c_w.l(sys_io_names.o)
    0x080023ea   0x080023ea   0x00000010   Data   RO          906    .rodata.AHBPrescTable  system_stm32f1xx.o
    0x080023fa   0x080023fa   0x00000008   Data   RO          907    .rodata.APBPrescTable  system_stm32f1xx.o
    0x08002402   0x08002402   0x00000002   PAD
    0x08002404   0x08002404   0x00000020   Data   RO         1299    Region$$Table       anon$$obj.o


    Execution Region RW_IRAM1 (Exec base: 0x20000000, Load base: 0x08002428, Size: 0x00000870, Max: 0x0000c000, ABSOLUTE)

    Exec Addr    Load Addr    Size         Type   Attr      Idx    E Section Name        Object

    0x20000000   0x08002428   0x00000004   Data   RW          984    .data               c_w.l(stdio_streams.o)
    0x20000004   0x0800242c   0x00000004   Data   RW          985    .data               c_w.l(stdio_streams.o)
    0x20000008   0x08002430   0x00000004   Data   RW          986    .data               c_w.l(stdio_streams.o)
    0x2000000c   0x08002434   0x00000010   Data   RW          255    .data.GPIO_InitStruct_Input  directaddr.o
    0x2000001c   0x08002444   0x00000010   Data   RW          256    .data.GPIO_InitStruct_Output  directaddr.o
    0x2000002c   0x08002454   0x00000004   Data   RW          905    .data.SystemCoreClock  system_stm32f1xx.o
    0x20000030   0x08002458   0x00000008   Data   RW          268    .data.regDLL        hal_ch438uart.o
    0x20000038   0x08002460   0x00000008   Data   RW          269    .data.regDLM        hal_ch438uart.o
    0x20000040   0x08002468   0x00000008   Data   RW          270    .data.regFCR        hal_ch438uart.o
    0x20000048   0x08002470   0x00000008   Data   RW          271    .data.regIER        hal_ch438uart.o
    0x20000050   0x08002478   0x00000008   Data   RW          273    .data.regIIR        hal_ch438uart.o
    0x20000058   0x08002480   0x00000008   Data   RW          267    .data.regLCR        hal_ch438uart.o
    0x20000060   0x08002488   0x00000008   Data   RW          274    .data.regLSR        hal_ch438uart.o
    0x20000068   0x08002490   0x00000008   Data   RW          272    .data.regMCR        hal_ch438uart.o
    0x20000070   0x08002498   0x00000008   Data   RW          275    .data.regRBR        hal_ch438uart.o
    0x20000078   0x080024a0   0x00000008   Data   RW          276    .data.regTHR        hal_ch438uart.o
    0x20000080   0x080024a8   0x00000001   Data   RW          568    .data.uwTickFreq    stm32f1xx_hal.o
    0x20000081   0x080024a9   0x00000003   PAD
    0x20000084   0x080024ac   0x00000004   Data   RW          567    .data.uwTickPrio    stm32f1xx_hal.o
    0x20000088        -       0x00000054   Zero   RW          981    .bss                c_w.l(stdio_streams.o)
    0x200000dc        -       0x00000054   Zero   RW          982    .bss                c_w.l(stdio_streams.o)
    0x20000130        -       0x00000054   Zero   RW          983    .bss                c_w.l(stdio_streams.o)
    0x20000184        -       0x00000060   Zero   RW         1166    .bss                c_w.l(libspace.o)
    0x200001e4        -       0x00000020   Zero   RW          278    .bss.ch438Recv      hal_ch438uart.o
    0x20000204        -       0x00000020   Zero   RW          277    .bss.ch438Send      hal_ch438uart.o
    0x20000224        -       0x00000044   Zero   RW          322    .bss.huart1         usart.o
    0x20000268        -       0x00000004   Zero   RW          569    .bss.uwTick         stm32f1xx_hal.o
    0x2000026c   0x080024b0   0x00000004   PAD
    0x20000270        -       0x00000200   Zero   RW            2    HEAP                startup_stm32f103xe.o
    0x20000470        -       0x00000400   Zero   RW            1    STACK               startup_stm32f103xe.o


==============================================================================

Image component sizes


      Code (inc. data)   RO Data    RW Data    ZI Data      Debug   Object Name

       108          0          0          0          0       2835   ch438uart0.o
       108          0          0          0          0       2691   ch438uart1.o
       108          0          0          0          0       2336   ch438uart2.o
       108          0          0          0          0       2338   ch438uart3.o
       108          0          0          0          0       2338   ch438uart4.o
       108          0          0          0          0       2336   ch438uart5.o
       108          0          0          0          0       2338   ch438uart6.o
       108          0          0          0          0       2522   ch438uart7.o
       332          0          0         32          0       2319   directaddr.o
       264          0          0          0          0       2988   gpio.o
       484         24          0         80         64       1710   hal_ch438uart.o
       246          0          0          0          0       2202   main.o
        64         26        304          0       1536        788   startup_stm32f103xe.o
       196          0          0          5          4       6071   stm32f1xx_hal.o
       258          0          0          0          0       8680   stm32f1xx_hal_cortex.o
       524         20          0          0          0       4495   stm32f1xx_hal_gpio.o
        66          0          0          0          0       1198   stm32f1xx_hal_msp.o
      1374         20          0          0          0       7006   stm32f1xx_hal_rcc.o
       540          0          0          0          0      20048   stm32f1xx_hal_uart.o
       246          0          0          0          0       1986   stm32f1xx_it.o
         2          0         24          4          0       1603   system_stm32f1xx.o
       236          0          0          0         68       4669   usart.o

    ----------------------------------------------------------------------
      5790         90        362        124       1676      85497   Object Totals
         0          0         32          0          0          0   (incl. Generated)
        94          0          2          3          4          0   (incl. Padding)

    ----------------------------------------------------------------------

      Code (inc. data)   RO Data    RW Data    ZI Data      Debug   Library Member Name

         8          0          0          0          0         68   __main.o
       104          0          0          0          0         84   __printf.o
         0          0          0          0          0          0   __rtentry.o
        12          0          0          0          0          0   __rtentry2.o
         6          0          0          0          0          0   __rtentry4.o
        52          8          0          0          0          0   __scatter.o
        26          0          0          0          0          0   __scatter_copy.o
        28          0          0          0          0          0   __scatter_zi.o
        48          6          0          0          0         96   _printf_char_common.o
        36          4          0          0          0         80   _printf_char_file.o
         6          0          0          0          0          0   _printf_d.o
       120         16          0          0          0         92   _printf_dec.o
        88          4         40          0          0         88   _printf_hex_int.o
       178          0          0          0          0         88   _printf_intcommon.o
         0          0          0          0          0          0   _printf_percent.o
         4          0          0          0          0          0   _printf_percent_end.o
         6          0          0          0          0          0   _printf_x.o
        10          0          0          0          0         68   defsig_exit.o
        50          0          0          0          0         88   defsig_general.o
        80         58          0          0          0         76   defsig_rtmem_inner.o
        14          0          0          0          0         80   defsig_rtmem_outer.o
        52         38          0          0          0         76   defsig_rtred_inner.o
        14          0          0          0          0         80   defsig_rtred_outer.o
        18          0          0          0          0         80   exit.o
        76          0          0          0          0         88   fclose.o
         8          0          0          0          0         68   ferror.o
       240          6          0          0          0        128   fopen.o
       248          6          0          0          0         84   fseek.o
        66          0          0          0          0         76   ftell.o
        94          0          0          0          0         80   h1_alloc.o
        52          0          0          0          0         68   h1_extend.o
        78          0          0          0          0         80   h1_free.o
        14          0          0          0          0         84   h1_init.o
         6          0          0          0          0        152   heapauxi.o
         4          0          0          0          0        136   hguard.o
         0          0          0          0          0          0   indicate_semi.o
       138          0          0          0          0        168   init_alloc.o
       312         46          0          0          0        112   initio.o
         2          0          0          0          0          0   libinit.o
        14          0          0          0          0          0   libinit2.o
         2          0          0          0          0          0   libshutdown.o
         6          0          0          0          0          0   libshutdown2.o
         8          4          0          0         96         68   libspace.o
         0          0          0          0          0          0   maybetermalloc1.o
        24          4          0          0          0         84   noretval__2printf.o
         8          4          0          0          0         68   rt_errno_addr_intlibspace.o
         8          4          0          0          0         68   rt_heap_descriptor_intlibspace.o
        78          0          0          0          0         80   rt_memclr_w.o
         2          0          0          0          0          0   rtexit.o
        10          0          0          0          0          0   rtexit2.o
        70          0          0          0          0         80   setvbuf.o
       240          6          0          0          0        156   stdio.o
         0          0          0         12        252          0   stdio_streams.o
        62          0          0          0          0         76   strlen.o
        12          4          0          0          0         68   sys_exit.o
       102          0          0          0          0        240   sys_io.o
         0          0         12          0          0          0   sys_io_names.o
        74          0          0          0          0         80   sys_stackheap_outer.o
        14          0          0          0          0         76   sys_wrch.o
         2          0          0          0          0         68   use_no_semi.o

    ----------------------------------------------------------------------
      3048        218         52         12        348       3680   Library Totals
        14          0          0          0          0          0   (incl. Padding)

    ----------------------------------------------------------------------

      Code (inc. data)   RO Data    RW Data    ZI Data      Debug   Library Name

      3034        218         52         12        348       3680   c_w.l

    ----------------------------------------------------------------------
      3048        218         52         12        348       3680   Library Totals

    ----------------------------------------------------------------------

==============================================================================


      Code (inc. data)   RO Data    RW Data    ZI Data      Debug   

      8838        308        414        136       2024      86981   Grand Totals
      8838        308        414        136       2024      86981   ELF Image Totals
      8838        308        414        136          0          0   ROM Totals

==============================================================================

    Total RO  Size (Code + RO Data)                 9252 (   9.04kB)
    Total RW  Size (RW Data + ZI Data)              2160 (   2.11kB)
    Total ROM Size (Code + RO Data + RW Data)       9388 (   9.17kB)

==============================================================================

