<html>
<body>
<pre>
<h1>µVision Build Log</h1>
<h2>Tool Versions:</h2>
IDE-Version: ¦ÌVision V5.32.0.0
Copyright (C) 2020 ARM Ltd and ARM Germany GmbH. All rights reserved.
License Information: wz wz, 233, LIC=65ISZ-JKPV5-JJP6S-LXMXH-2KWD0-SABNV
 
Tool Versions:
Toolchain:       MDK-ARM Plus  Version: 5.32.0.0
Toolchain Path:  D:\1_softwares\Keil_v5\ARM\ARMCLANG\Bin
C Compiler:      ArmClang.exe V6.14.1
Assembler:       Armasm.exe V6.14.1
Linker/Locator:  ArmLink.exe V6.14.1
Library Manager: ArmAr.exe V6.14.1
Hex Converter:   FromElf.exe V6.14.1
CPU DLL:         SARMCM3.DLL V5.32.0.0
Dialog DLL:      DCM.DLL V1.17.3.0
Target DLL:      STLink\ST-LINKIII-KEIL_SWO.dll V3.0.8.0
Dialog DLL:      TCM.DLL V1.46.0.0
 
<h2>Project:</h2>
E:\3_Data\Github\IOT_Gateway\Test_module\CH438Q\MDK-ARM\CH438.uvprojx
Project File Date:  12/28/2021

<h2>Output:</h2>
*** Using Compiler 'V6.14.1', folder: 'D:\1_softwares\Keil_v5\ARM\ARMCLANG\Bin'
Rebuild target 'CH438'
compiling CH438UART0.C...
compiling CH438UART1.C...
compiling CH438UART2.C...
compiling CH438UART3.C...
compiling CH438UART5.C...
assembling startup_stm32f103xe.s...
compiling CH438UART4.C...
compiling CH438UART6.C...
compiling CH438UART7.C...
compiling main.c...
compiling HAL_CH438UART.c...
compiling usart.c...
compiling DirectAddr.c...
compiling stm32f1xx_it.c...
compiling gpio.c...
compiling stm32f1xx_hal_msp.c...
compiling stm32f1xx_hal_gpio_ex.c...
compiling stm32f1xx_hal_tim_ex.c...
compiling stm32f1xx_hal_tim.c...
compiling stm32f1xx_hal_uart.c...
compiling stm32f1xx_hal_rcc.c...
compiling stm32f1xx_hal_rcc_ex.c...
compiling stm32f1xx_hal.c...
compiling stm32f1xx_hal_dma.c...
compiling stm32f1xx_hal_gpio.c...
compiling stm32f1xx_hal_pwr.c...
compiling stm32f1xx_hal_cortex.c...
compiling stm32f1xx_hal_flash_ex.c...
compiling stm32f1xx_hal_exti.c...
compiling stm32f1xx_hal_flash.c...
compiling system_stm32f1xx.c...
linking...
Program Size: Code=8838 RO-data=414 RW-data=136 ZI-data=2024  
FromELF: creating hex file...
"CH438\CH438.axf" - 0 Error(s), 0 Warning(s).

<h2>Software Packages used:</h2>

Package Vendor: ARM
                http://www.keil.com/pack/ARM.CMSIS.5.7.0.pack
                ARM.CMSIS.5.7.0
                CMSIS (Cortex Microcontroller Software Interface Standard)
   * Component: CORE Version: 5.4.0

Package Vendor: Keil
                http://www.keil.com/pack/Keil.STM32F1xx_DFP.2.3.0.pack
                Keil.STM32F1xx_DFP.2.3.0
                STMicroelectronics STM32F1 Series Device Support, Drivers and Examples

<h2>Collection of Component include folders:</h2>
  .\RTE\_CH438
  D:\1_softwares\Keil_v5\___Arm\Packs\ARM\CMSIS\5.7.0\CMSIS\Core\Include
  D:\1_softwares\Keil_v5\___Arm\Packs\Keil\STM32F1xx_DFP\2.3.0\Device\Include

<h2>Collection of Component Files used:</h2>

   * Component: ARM::CMSIS:CORE:5.4.0
      Include file:  CMSIS\Core\Include\tz_context.h
Build Time Elapsed:  00:00:11
</pre>
</body>
</html>
